Copyright 1986-2022 Xilinx, Inc. All Rights Reserved. Copyright 2022-2024 Advanced Micro Devices, Inc. All Rights Reserved.
---------------------------------------------------------------------------------------------------------------------------------------------
| Tool Version : Vivado v.2024.1 (win64) Build 5076996 Wed May 22 18:37:14 MDT 2024
| Date         : Fri Sep 18 05:39:42 2026
| Host         : SRIKARVELA8715 running 64-bit major release  (build 9200)
| Command      : report_timing -setup -max_paths 10 -nworst 1 -file C:/feed/reports/impl/setup_paths.rpt
| Design       : feed_handler_bd_wrapper
| Device       : 7z020-clg400
| Speed File   : -1  PRODUCTION 1.12 2019-11-22
| Design State : Routed
---------------------------------------------------------------------------------------------------------------------------------------------

Timing Report

Slack (VIOLATED) :        -0.469ns  (required time - arrival time)
  Source:                 feed_handler_bd_i/signals_0/inst/snap_asks_price_reg_9218_pp0_iter15_reg_reg[4]/C
                            (rising edge-triggered cell FDRE clocked by clk_fpga_1  {rise@0.000ns fall@2.000ns period=4.000ns})
  Destination:            feed_handler_bd_i/signals_0/inst/select_ln75_reg_10619_reg[0]/R
                            (rising edge-triggered cell FDRE clocked by clk_fpga_1  {rise@0.000ns fall@2.000ns period=4.000ns})
  Path Group:             clk_fpga_1
  Path Type:              Setup (Max at Slow Process Corner)
  Requirement:            4.000ns  (clk_fpga_1 rise@4.000ns - clk_fpga_1 rise@0.000ns)
  Data Path Delay:        3.908ns  (logic 1.582ns (40.482%)  route 2.326ns (59.518%))
  Logic Levels:           6  (CARRY4=4 LUT3=1 LUT4=1)
  Clock Path Skew:        -0.062ns (DCD - SCD + CPR)
    Destination Clock Delay (DCD):    2.704ns = ( 6.704 - 4.000 ) 
    Source Clock Delay      (SCD):    2.995ns
    Clock Pessimism Removal (CPR):    0.229ns
  Clock Uncertainty:      0.070ns  ((TSJ^2 + TIJ^2)^1/2 + DJ) / 2 + PE
    Total System Jitter     (TSJ):    0.071ns
    Total Input Jitter      (TIJ):    0.120ns
    Discrete Jitter          (DJ):    0.000ns
    Phase Error              (PE):    0.000ns

    Location             Delay type                Incr(ns)  Path(ns)    Netlist Resource(s)
  -------------------------------------------------------------------    -------------------
                         (clock clk_fpga_1 rise edge)
                                                      0.000     0.000 r  
    PS7_X0Y0             PS7                          0.000     0.000 r  feed_handler_bd_i/ps7/inst/PS7_i/FCLKCLK[1]
                         net (fo=1, routed)           1.193     1.193    feed_handler_bd_i/ps7/inst/FCLK_CLK_unbuffered[1]
    BUFGCTRL_X0Y17       BUFG (Prop_bufg_I_O)         0.101     1.294 r  feed_handler_bd_i/ps7/inst/buffer_fclk_clk_1.FCLK_CLK_1_BUFG/O
                         net (fo=31772, routed)       1.701     2.995    feed_handler_bd_i/signals_0/inst/ap_clk
    SLICE_X61Y79         FDRE                                         r  feed_handler_bd_i/signals_0/inst/snap_asks_price_reg_9218_pp0_iter15_reg_reg[4]/C
  -------------------------------------------------------------------    -------------------
    SLICE_X61Y79         FDRE (Prop_fdre_C_Q)         0.419     3.414 r  feed_handler_bd_i/signals_0/inst/snap_asks_price_reg_9218_pp0_iter15_reg_reg[4]/Q
                         net (fo=5, routed)           0.846     4.260    feed_handler_bd_i/signals_0/inst/regslice_both_out_sig_U/snap_asks_price_reg_9218_pp0_iter15_reg[4]
    SLICE_X60Y80         LUT4 (Prop_lut4_I1_O)        0.299     4.559 r  feed_handler_bd_i/signals_0/inst/regslice_both_out_sig_U/select_ln75_reg_10619[31]_i_40/O
                         net (fo=1, routed)           0.000     4.559    feed_handler_bd_i/signals_0/inst/regslice_both_out_sig_U/select_ln75_reg_10619[31]_i_40_n_0
    SLICE_X60Y80         CARRY4 (Prop_carry4_S[2]_CO[3])
                                                      0.398     4.957 r  feed_handler_bd_i/signals_0/inst/regslice_both_out_sig_U/select_ln75_reg_10619_reg[31]_i_26/CO[3]
                         net (fo=1, routed)           0.000     4.957    feed_handler_bd_i/signals_0/inst/regslice_both_out_sig_U/select_ln75_reg_10619_reg[31]_i_26_n_0
    SLICE_X60Y81         CARRY4 (Prop_carry4_CI_CO[3])
                                                      0.114     5.071 r  feed_handler_bd_i/signals_0/inst/regslice_both_out_sig_U/select_ln75_reg_10619_reg[31]_i_17/CO[3]
                         net (fo=1, routed)           0.000     5.071    feed_handler_bd_i/signals_0/inst/regslice_both_out_sig_U/select_ln75_reg_10619_reg[31]_i_17_n_0
    SLICE_X60Y82         CARRY4 (Prop_carry4_CI_CO[3])
                                                      0.114     5.185 r  feed_handler_bd_i/signals_0/inst/regslice_both_out_sig_U/select_ln75_reg_10619_reg[31]_i_8/CO[3]
                         net (fo=1, routed)           0.000     5.185    feed_handler_bd_i/signals_0/inst/regslice_both_out_sig_U/select_ln75_reg_10619_reg[31]_i_8_n_0
    SLICE_X60Y83         CARRY4 (Prop_carry4_CI_CO[3])
                                                      0.114     5.299 r  feed_handler_bd_i/signals_0/inst/regslice_both_out_sig_U/select_ln75_reg_10619_reg[31]_i_3/CO[3]
                         net (fo=1, routed)           0.731     6.030    feed_handler_bd_i/signals_0/inst/regslice_both_out_sig_U/icmp_ln75_fu_2413_p2
    SLICE_X60Y84         LUT3 (Prop_lut3_I1_O)        0.124     6.154 r  feed_handler_bd_i/signals_0/inst/regslice_both_out_sig_U/select_ln75_reg_10619[31]_i_1/O
                         net (fo=32, routed)          0.749     6.903    feed_handler_bd_i/signals_0/inst/regslice_both_out_sig_U_n_94
    SLICE_X59Y78         FDRE                                         r  feed_handler_bd_i/signals_0/inst/select_ln75_reg_10619_reg[0]/R
  -------------------------------------------------------------------    -------------------

                         (clock clk_fpga_1 rise edge)
                                                      4.000     4.000 r  
    PS7_X0Y0             PS7                          0.000     4.000 r  feed_handler_bd_i/ps7/inst/PS7_i/FCLKCLK[1]
                         net (fo=1, routed)           1.088     5.088    feed_handler_bd_i/ps7/inst/FCLK_CLK_unbuffered[1]
    BUFGCTRL_X0Y17       BUFG (Prop_bufg_I_O)         0.091     5.179 r  feed_handler_bd_i/ps7/inst/buffer_fclk_clk_1.FCLK_CLK_1_BUFG/O
                         net (fo=31772, routed)       1.525     6.704    feed_handler_bd_i/signals_0/inst/ap_clk
    SLICE_X59Y78         FDRE                                         r  feed_handler_bd_i/signals_0/inst/select_ln75_reg_10619_reg[0]/C
                         clock pessimism              0.229     6.933    
                         clock uncertainty           -0.070     6.863    
    SLICE_X59Y78         FDRE (Setup_fdre_C_R)       -0.429     6.434    feed_handler_bd_i/signals_0/inst/select_ln75_reg_10619_reg[0]
  -------------------------------------------------------------------
                         required time                          6.434    
                         arrival time                          -6.903    
  -------------------------------------------------------------------
                         slack                                 -0.469    

Slack (VIOLATED) :        -0.469ns  (required time - arrival time)
  Source:                 feed_handler_bd_i/signals_0/inst/snap_asks_price_reg_9218_pp0_iter15_reg_reg[4]/C
                            (rising edge-triggered cell FDRE clocked by clk_fpga_1  {rise@0.000ns fall@2.000ns period=4.000ns})
  Destination:            feed_handler_bd_i/signals_0/inst/select_ln75_reg_10619_reg[1]/R
                            (rising edge-triggered cell FDRE clocked by clk_fpga_1  {rise@0.000ns fall@2.000ns period=4.000ns})
  Path Group:             clk_fpga_1
  Path Type:              Setup (Max at Slow Process Corner)
  Requirement:            4.000ns  (clk_fpga_1 rise@4.000ns - clk_fpga_1 rise@0.000ns)
  Data Path Delay:        3.908ns  (logic 1.582ns (40.482%)  route 2.326ns (59.518%))
  Logic Levels:           6  (CARRY4=4 LUT3=1 LUT4=1)
  Clock Path Skew:        -0.062ns (DCD - SCD + CPR)
    Destination Clock Delay (DCD):    2.704ns = ( 6.704 - 4.000 ) 
    Source Clock Delay      (SCD):    2.995ns
    Clock Pessimism Removal (CPR):    0.229ns
  Clock Uncertainty:      0.070ns  ((TSJ^2 + TIJ^2)^1/2 + DJ) / 2 + PE
    Total System Jitter     (TSJ):    0.071ns
    Total Input Jitter      (TIJ):    0.120ns
    Discrete Jitter          (DJ):    0.000ns
    Phase Error              (PE):    0.000ns

    Location             Delay type                Incr(ns)  Path(ns)    Netlist Resource(s)
  -------------------------------------------------------------------    -------------------
                         (clock clk_fpga_1 rise edge)
                                                      0.000     0.000 r  
    PS7_X0Y0             PS7                          0.000     0.000 r  feed_handler_bd_i/ps7/inst/PS7_i/FCLKCLK[1]
                         net (fo=1, routed)           1.193     1.193    feed_handler_bd_i/ps7/inst/FCLK_CLK_unbuffered[1]
    BUFGCTRL_X0Y17       BUFG (Prop_bufg_I_O)         0.101     1.294 r  feed_handler_bd_i/ps7/inst/buffer_fclk_clk_1.FCLK_CLK_1_BUFG/O
                         net (fo=31772, routed)       1.701     2.995    feed_handler_bd_i/signals_0/inst/ap_clk
    SLICE_X61Y79         FDRE                                         r  feed_handler_bd_i/signals_0/inst/snap_asks_price_reg_9218_pp0_iter15_reg_reg[4]/C
  -------------------------------------------------------------------    -------------------
    SLICE_X61Y79         FDRE (Prop_fdre_C_Q)         0.419     3.414 r  feed_handler_bd_i/signals_0/inst/snap_asks_price_reg_9218_pp0_iter15_reg_reg[4]/Q
                         net (fo=5, routed)           0.846     4.260    feed_handler_bd_i/signals_0/inst/regslice_both_out_sig_U/snap_asks_price_reg_9218_pp0_iter15_reg[4]
    SLICE_X60Y80         LUT4 (Prop_lut4_I1_O)        0.299     4.559 r  feed_handler_bd_i/signals_0/inst/regslice_both_out_sig_U/select_ln75_reg_10619[31]_i_40/O
                         net (fo=1, routed)           0.000     4.559    feed_handler_bd_i/signals_0/inst/regslice_both_out_sig_U/select_ln75_reg_10619[31]_i_40_n_0
    SLICE_X60Y80         CARRY4 (Prop_carry4_S[2]_CO[3])
                                                      0.398     4.957 r  feed_handler_bd_i/signals_0/inst/regslice_both_out_sig_U/select_ln75_reg_10619_reg[31]_i_26/CO[3]
                         net (fo=1, routed)           0.000     4.957    feed_handler_bd_i/signals_0/inst/regslice_both_out_sig_U/select_ln75_reg_10619_reg[31]_i_26_n_0
    SLICE_X60Y81         CARRY4 (Prop_carry4_CI_CO[3])
                                                      0.114     5.071 r  feed_handler_bd_i/signals_0/inst/regslice_both_out_sig_U/select_ln75_reg_10619_reg[31]_i_17/CO[3]
                         net (fo=1, routed)           0.000     5.071    feed_handler_bd_i/signals_0/inst/regslice_both_out_sig_U/select_ln75_reg_10619_reg[31]_i_17_n_0
    SLICE_X60Y82         CARRY4 (Prop_carry4_CI_CO[3])
                                                      0.114     5.185 r  feed_handler_bd_i/signals_0/inst/regslice_both_out_sig_U/select_ln75_reg_10619_reg[31]_i_8/CO[3]
                         net (fo=1, routed)           0.000     5.185    feed_handler_bd_i/signals_0/inst/regslice_both_out_sig_U/select_ln75_reg_10619_reg[31]_i_8_n_0
    SLICE_X60Y83         CARRY4 (Prop_carry4_CI_CO[3])
                                                      0.114     5.299 r  feed_handler_bd_i/signals_0/inst/regslice_both_out_sig_U/select_ln75_reg_10619_reg[31]_i_3/CO[3]
                         net (fo=1, routed)           0.731     6.030    feed_handler_bd_i/signals_0/inst/regslice_both_out_sig_U/icmp_ln75_fu_2413_p2
    SLICE_X60Y84         LUT3 (Prop_lut3_I1_O)        0.124     6.154 r  feed_handler_bd_i/signals_0/inst/regslice_both_out_sig_U/select_ln75_reg_10619[31]_i_1/O
                         net (fo=32, routed)          0.749     6.903    feed_handler_bd_i/signals_0/inst/regslice_both_out_sig_U_n_94
    SLICE_X59Y78         FDRE                                         r  feed_handler_bd_i/signals_0/inst/select_ln75_reg_10619_reg[1]/R
  -------------------------------------------------------------------    -------------------

                         (clock clk_fpga_1 rise edge)
                                                      4.000     4.000 r  
    PS7_X0Y0             PS7                          0.000     4.000 r  feed_handler_bd_i/ps7/inst/PS7_i/FCLKCLK[1]
                         net (fo=1, routed)           1.088     5.088    feed_handler_bd_i/ps7/inst/FCLK_CLK_unbuffered[1]
    BUFGCTRL_X0Y17       BUFG (Prop_bufg_I_O)         0.091     5.179 r  feed_handler_bd_i/ps7/inst/buffer_fclk_clk_1.FCLK_CLK_1_BUFG/O
                         net (fo=31772, routed)       1.525     6.704    feed_handler_bd_i/signals_0/inst/ap_clk
    SLICE_X59Y78         FDRE                                         r  feed_handler_bd_i/signals_0/inst/select_ln75_reg_10619_reg[1]/C
                         clock pessimism              0.229     6.933    
                         clock uncertainty           -0.070     6.863    
    SLICE_X59Y78         FDRE (Setup_fdre_C_R)       -0.429     6.434    feed_handler_bd_i/signals_0/inst/select_ln75_reg_10619_reg[1]
  -------------------------------------------------------------------
                         required time                          6.434    
                         arrival time                          -6.903    
  -------------------------------------------------------------------
                         slack                                 -0.469    

Slack (VIOLATED) :        -0.469ns  (required time - arrival time)
  Source:                 feed_handler_bd_i/signals_0/inst/snap_asks_price_reg_9218_pp0_iter15_reg_reg[4]/C
                            (rising edge-triggered cell FDRE clocked by clk_fpga_1  {rise@0.000ns fall@2.000ns period=4.000ns})
  Destination:            feed_handler_bd_i/signals_0/inst/select_ln75_reg_10619_reg[2]/R
                            (rising edge-triggered cell FDRE clocked by clk_fpga_1  {rise@0.000ns fall@2.000ns period=4.000ns})
  Path Group:             clk_fpga_1
  Path Type:              Setup (Max at Slow Process Corner)
  Requirement:            4.000ns  (clk_fpga_1 rise@4.000ns - clk_fpga_1 rise@0.000ns)
  Data Path Delay:        3.908ns  (logic 1.582ns (40.482%)  route 2.326ns (59.518%))
  Logic Levels:           6  (CARRY4=4 LUT3=1 LUT4=1)
  Clock Path Skew:        -0.062ns (DCD - SCD + CPR)
    Destination Clock Delay (DCD):    2.704ns = ( 6.704 - 4.000 ) 
    Source Clock Delay      (SCD):    2.995ns
    Clock Pessimism Removal (CPR):    0.229ns
  Clock Uncertainty:      0.070ns  ((TSJ^2 + TIJ^2)^1/2 + DJ) / 2 + PE
    Total System Jitter     (TSJ):    0.071ns
    Total Input Jitter      (TIJ):    0.120ns
    Discrete Jitter          (DJ):    0.000ns
    Phase Error              (PE):    0.000ns

    Location             Delay type                Incr(ns)  Path(ns)    Netlist Resource(s)
  -------------------------------------------------------------------    -------------------
                         (clock clk_fpga_1 rise edge)
                                                      0.000     0.000 r  
    PS7_X0Y0             PS7                          0.000     0.000 r  feed_handler_bd_i/ps7/inst/PS7_i/FCLKCLK[1]
                         net (fo=1, routed)           1.193     1.193    feed_handler_bd_i/ps7/inst/FCLK_CLK_unbuffered[1]
    BUFGCTRL_X0Y17       BUFG (Prop_bufg_I_O)         0.101     1.294 r  feed_handler_bd_i/ps7/inst/buffer_fclk_clk_1.FCLK_CLK_1_BUFG/O
                         net (fo=31772, routed)       1.701     2.995    feed_handler_bd_i/signals_0/inst/ap_clk
    SLICE_X61Y79         FDRE                                         r  feed_handler_bd_i/signals_0/inst/snap_asks_price_reg_9218_pp0_iter15_reg_reg[4]/C
  -------------------------------------------------------------------    -------------------
    SLICE_X61Y79         FDRE (Prop_fdre_C_Q)         0.419     3.414 r  feed_handler_bd_i/signals_0/inst/snap_asks_price_reg_9218_pp0_iter15_reg_reg[4]/Q
                         net (fo=5, routed)           0.846     4.260    feed_handler_bd_i/signals_0/inst/regslice_both_out_sig_U/snap_asks_price_reg_9218_pp0_iter15_reg[4]
    SLICE_X60Y80         LUT4 (Prop_lut4_I1_O)        0.299     4.559 r  feed_handler_bd_i/signals_0/inst/regslice_both_out_sig_U/select_ln75_reg_10619[31]_i_40/O
                         net (fo=1, routed)           0.000     4.559    feed_handler_bd_i/signals_0/inst/regslice_both_out_sig_U/select_ln75_reg_10619[31]_i_40_n_0
    SLICE_X60Y80         CARRY4 (Prop_carry4_S[2]_CO[3])
                                                      0.398     4.957 r  feed_handler_bd_i/signals_0/inst/regslice_both_out_sig_U/select_ln75_reg_10619_reg[31]_i_26/CO[3]
                         net (fo=1, routed)           0.000     4.957    feed_handler_bd_i/signals_0/inst/regslice_both_out_sig_U/select_ln75_reg_10619_reg[31]_i_26_n_0
    SLICE_X60Y81         CARRY4 (Prop_carry4_CI_CO[3])
                                                      0.114     5.071 r  feed_handler_bd_i/signals_0/inst/regslice_both_out_sig_U/select_ln75_reg_10619_reg[31]_i_17/CO[3]
                         net (fo=1, routed)           0.000     5.071    feed_handler_bd_i/signals_0/inst/regslice_both_out_sig_U/select_ln75_reg_10619_reg[31]_i_17_n_0
    SLICE_X60Y82         CARRY4 (Prop_carry4_CI_CO[3])
                                                      0.114     5.185 r  feed_handler_bd_i/signals_0/inst/regslice_both_out_sig_U/select_ln75_reg_10619_reg[31]_i_8/CO[3]
                         net (fo=1, routed)           0.000     5.185    feed_handler_bd_i/signals_0/inst/regslice_both_out_sig_U/select_ln75_reg_10619_reg[31]_i_8_n_0
    SLICE_X60Y83         CARRY4 (Prop_carry4_CI_CO[3])
                                                      0.114     5.299 r  feed_handler_bd_i/signals_0/inst/regslice_both_out_sig_U/select_ln75_reg_10619_reg[31]_i_3/CO[3]
                         net (fo=1, routed)           0.731     6.030    feed_handler_bd_i/signals_0/inst/regslice_both_out_sig_U/icmp_ln75_fu_2413_p2
    SLICE_X60Y84         LUT3 (Prop_lut3_I1_O)        0.124     6.154 r  feed_handler_bd_i/signals_0/inst/regslice_both_out_sig_U/select_ln75_reg_10619[31]_i_1/O
                         net (fo=32, routed)          0.749     6.903    feed_handler_bd_i/signals_0/inst/regslice_both_out_sig_U_n_94
    SLICE_X59Y78         FDRE                                         r  feed_handler_bd_i/signals_0/inst/select_ln75_reg_10619_reg[2]/R
  -------------------------------------------------------------------    -------------------

                         (clock clk_fpga_1 rise edge)
                                                      4.000     4.000 r  
    PS7_X0Y0             PS7                          0.000     4.000 r  feed_handler_bd_i/ps7/inst/PS7_i/FCLKCLK[1]
                         net (fo=1, routed)           1.088     5.088    feed_handler_bd_i/ps7/inst/FCLK_CLK_unbuffered[1]
    BUFGCTRL_X0Y17       BUFG (Prop_bufg_I_O)         0.091     5.179 r  feed_handler_bd_i/ps7/inst/buffer_fclk_clk_1.FCLK_CLK_1_BUFG/O
                         net (fo=31772, routed)       1.525     6.704    feed_handler_bd_i/signals_0/inst/ap_clk
    SLICE_X59Y78         FDRE                                         r  feed_handler_bd_i/signals_0/inst/select_ln75_reg_10619_reg[2]/C
                         clock pessimism              0.229     6.933    
                         clock uncertainty           -0.070     6.863    
    SLICE_X59Y78         FDRE (Setup_fdre_C_R)       -0.429     6.434    feed_handler_bd_i/signals_0/inst/select_ln75_reg_10619_reg[2]
  -------------------------------------------------------------------
                         required time                          6.434    
                         arrival time                          -6.903    
  -------------------------------------------------------------------
                         slack                                 -0.469    

Slack (VIOLATED) :        -0.469ns  (required time - arrival time)
  Source:                 feed_handler_bd_i/signals_0/inst/snap_asks_price_reg_9218_pp0_iter15_reg_reg[4]/C
                            (rising edge-triggered cell FDRE clocked by clk_fpga_1  {rise@0.000ns fall@2.000ns period=4.000ns})
  Destination:            feed_handler_bd_i/signals_0/inst/select_ln75_reg_10619_reg[3]/R
                            (rising edge-triggered cell FDRE clocked by clk_fpga_1  {rise@0.000ns fall@2.000ns period=4.000ns})
  Path Group:             clk_fpga_1
  Path Type:              Setup (Max at Slow Process Corner)
  Requirement:            4.000ns  (clk_fpga_1 rise@4.000ns - clk_fpga_1 rise@0.000ns)
  Data Path Delay:        3.908ns  (logic 1.582ns (40.482%)  route 2.326ns (59.518%))
  Logic Levels:           6  (CARRY4=4 LUT3=1 LUT4=1)
  Clock Path Skew:        -0.062ns (DCD - SCD + CPR)
    Destination Clock Delay (DCD):    2.704ns = ( 6.704 - 4.000 ) 
    Source Clock Delay      (SCD):    2.995ns
    Clock Pessimism Removal (CPR):    0.229ns
  Clock Uncertainty:      0.070ns  ((TSJ^2 + TIJ^2)^1/2 + DJ) / 2 + PE
    Total System Jitter     (TSJ):    0.071ns
    Total Input Jitter      (TIJ):    0.120ns
    Discrete Jitter          (DJ):    0.000ns
    Phase Error              (PE):    0.000ns

    Location             Delay type                Incr(ns)  Path(ns)    Netlist Resource(s)
  -------------------------------------------------------------------    -------------------
                         (clock clk_fpga_1 rise edge)
                                                      0.000     0.000 r  
    PS7_X0Y0             PS7                          0.000     0.000 r  feed_handler_bd_i/ps7/inst/PS7_i/FCLKCLK[1]
                         net (fo=1, routed)           1.193     1.193    feed_handler_bd_i/ps7/inst/FCLK_CLK_unbuffered[1]
    BUFGCTRL_X0Y17       BUFG (Prop_bufg_I_O)         0.101     1.294 r  feed_handler_bd_i/ps7/inst/buffer_fclk_clk_1.FCLK_CLK_1_BUFG/O
                         net (fo=31772, routed)       1.701     2.995    feed_handler_bd_i/signals_0/inst/ap_clk
    SLICE_X61Y79         FDRE                                         r  feed_handler_bd_i/signals_0/inst/snap_asks_price_reg_9218_pp0_iter15_reg_reg[4]/C
  -------------------------------------------------------------------    -------------------
    SLICE_X61Y79         FDRE (Prop_fdre_C_Q)         0.419     3.414 r  feed_handler_bd_i/signals_0/inst/snap_asks_price_reg_9218_pp0_iter15_reg_reg[4]/Q
                         net (fo=5, routed)           0.846     4.260    feed_handler_bd_i/signals_0/inst/regslice_both_out_sig_U/snap_asks_price_reg_9218_pp0_iter15_reg[4]
    SLICE_X60Y80         LUT4 (Prop_lut4_I1_O)        0.299     4.559 r  feed_handler_bd_i/signals_0/inst/regslice_both_out_sig_U/select_ln75_reg_10619[31]_i_40/O
                         net (fo=1, routed)           0.000     4.559    feed_handler_bd_i/signals_0/inst/regslice_both_out_sig_U/select_ln75_reg_10619[31]_i_40_n_0
    SLICE_X60Y80         CARRY4 (Prop_carry4_S[2]_CO[3])
                                                      0.398     4.957 r  feed_handler_bd_i/signals_0/inst/regslice_both_out_sig_U/select_ln75_reg_10619_reg[31]_i_26/CO[3]
                         net (fo=1, routed)           0.000     4.957    feed_handler_bd_i/signals_0/inst/regslice_both_out_sig_U/select_ln75_reg_10619_reg[31]_i_26_n_0
    SLICE_X60Y81         CARRY4 (Prop_carry4_CI_CO[3])
                                                      0.114     5.071 r  feed_handler_bd_i/signals_0/inst/regslice_both_out_sig_U/select_ln75_reg_10619_reg[31]_i_17/CO[3]
                         net (fo=1, routed)           0.000     5.071    feed_handler_bd_i/signals_0/inst/regslice_both_out_sig_U/select_ln75_reg_10619_reg[31]_i_17_n_0
    SLICE_X60Y82         CARRY4 (Prop_carry4_CI_CO[3])
                                                      0.114     5.185 r  feed_handler_bd_i/signals_0/inst/regslice_both_out_sig_U/select_ln75_reg_10619_reg[31]_i_8/CO[3]
                         net (fo=1, routed)           0.000     5.185    feed_handler_bd_i/signals_0/inst/regslice_both_out_sig_U/select_ln75_reg_10619_reg[31]_i_8_n_0
    SLICE_X60Y83         CARRY4 (Prop_carry4_CI_CO[3])
                                                      0.114     5.299 r  feed_handler_bd_i/signals_0/inst/regslice_both_out_sig_U/select_ln75_reg_10619_reg[31]_i_3/CO[3]
                         net (fo=1, routed)           0.731     6.030    feed_handler_bd_i/signals_0/inst/regslice_both_out_sig_U/icmp_ln75_fu_2413_p2
    SLICE_X60Y84         LUT3 (Prop_lut3_I1_O)        0.124     6.154 r  feed_handler_bd_i/signals_0/inst/regslice_both_out_sig_U/select_ln75_reg_10619[31]_i_1/O
                         net (fo=32, routed)          0.749     6.903    feed_handler_bd_i/signals_0/inst/regslice_both_out_sig_U_n_94
    SLICE_X59Y78         FDRE                                         r  feed_handler_bd_i/signals_0/inst/select_ln75_reg_10619_reg[3]/R
  -------------------------------------------------------------------    -------------------

                         (clock clk_fpga_1 rise edge)
                                                      4.000     4.000 r  
    PS7_X0Y0             PS7                          0.000     4.000 r  feed_handler_bd_i/ps7/inst/PS7_i/FCLKCLK[1]
                         net (fo=1, routed)           1.088     5.088    feed_handler_bd_i/ps7/inst/FCLK_CLK_unbuffered[1]
    BUFGCTRL_X0Y17       BUFG (Prop_bufg_I_O)         0.091     5.179 r  feed_handler_bd_i/ps7/inst/buffer_fclk_clk_1.FCLK_CLK_1_BUFG/O
                         net (fo=31772, routed)       1.525     6.704    feed_handler_bd_i/signals_0/inst/ap_clk
    SLICE_X59Y78         FDRE                                         r  feed_handler_bd_i/signals_0/inst/select_ln75_reg_10619_reg[3]/C
                         clock pessimism              0.229     6.933    
                         clock uncertainty           -0.070     6.863    
    SLICE_X59Y78         FDRE (Setup_fdre_C_R)       -0.429     6.434    feed_handler_bd_i/signals_0/inst/select_ln75_reg_10619_reg[3]
  -------------------------------------------------------------------
                         required time                          6.434    
                         arrival time                          -6.903    
  -------------------------------------------------------------------
                         slack                                 -0.469    

Slack (VIOLATED) :        -0.426ns  (required time - arrival time)
  Source:                 feed_handler_bd_i/signals_0/inst/snap_asks_price_reg_9218_pp0_iter15_reg_reg[4]/C
                            (rising edge-triggered cell FDRE clocked by clk_fpga_1  {rise@0.000ns fall@2.000ns period=4.000ns})
  Destination:            feed_handler_bd_i/signals_0/inst/select_ln75_reg_10619_reg[12]/R
                            (rising edge-triggered cell FDRE clocked by clk_fpga_1  {rise@0.000ns fall@2.000ns period=4.000ns})
  Path Group:             clk_fpga_1
  Path Type:              Setup (Max at Slow Process Corner)
  Requirement:            4.000ns  (clk_fpga_1 rise@4.000ns - clk_fpga_1 rise@0.000ns)
  Data Path Delay:        3.867ns  (logic 1.582ns (40.907%)  route 2.285ns (59.093%))
  Logic Levels:           6  (CARRY4=4 LUT3=1 LUT4=1)
  Clock Path Skew:        -0.060ns (DCD - SCD + CPR)
    Destination Clock Delay (DCD):    2.706ns = ( 6.706 - 4.000 ) 
    Source Clock Delay      (SCD):    2.995ns
    Clock Pessimism Removal (CPR):    0.229ns
  Clock Uncertainty:      0.070ns  ((TSJ^2 + TIJ^2)^1/2 + DJ) / 2 + PE
    Total System Jitter     (TSJ):    0.071ns
    Total Input Jitter      (TIJ):    0.120ns
    Discrete Jitter          (DJ):    0.000ns
    Phase Error              (PE):    0.000ns

    Location             Delay type                Incr(ns)  Path(ns)    Netlist Resource(s)
  -------------------------------------------------------------------    -------------------
                         (clock clk_fpga_1 rise edge)
                                                      0.000     0.000 r  
    PS7_X0Y0             PS7                          0.000     0.000 r  feed_handler_bd_i/ps7/inst/PS7_i/FCLKCLK[1]
                         net (fo=1, routed)           1.193     1.193    feed_handler_bd_i/ps7/inst/FCLK_CLK_unbuffered[1]
    BUFGCTRL_X0Y17       BUFG (Prop_bufg_I_O)         0.101     1.294 r  feed_handler_bd_i/ps7/inst/buffer_fclk_clk_1.FCLK_CLK_1_BUFG/O
                         net (fo=31772, routed)       1.701     2.995    feed_handler_bd_i/signals_0/inst/ap_clk
    SLICE_X61Y79         FDRE                                         r  feed_handler_bd_i/signals_0/inst/snap_asks_price_reg_9218_pp0_iter15_reg_reg[4]/C
  -------------------------------------------------------------------    -------------------
    SLICE_X61Y79         FDRE (Prop_fdre_C_Q)         0.419     3.414 r  feed_handler_bd_i/signals_0/inst/snap_asks_price_reg_9218_pp0_iter15_reg_reg[4]/Q
                         net (fo=5, routed)           0.846     4.260    feed_handler_bd_i/signals_0/inst/regslice_both_out_sig_U/snap_asks_price_reg_9218_pp0_iter15_reg[4]
    SLICE_X60Y80         LUT4 (Prop_lut4_I1_O)        0.299     4.559 r  feed_handler_bd_i/signals_0/inst/regslice_both_out_sig_U/select_ln75_reg_10619[31]_i_40/O
                         net (fo=1, routed)           0.000     4.559    feed_handler_bd_i/signals_0/inst/regslice_both_out_sig_U/select_ln75_reg_10619[31]_i_40_n_0
    SLICE_X60Y80         CARRY4 (Prop_carry4_S[2]_CO[3])
                                                      0.398     4.957 r  feed_handler_bd_i/signals_0/inst/regslice_both_out_sig_U/select_ln75_reg_10619_reg[31]_i_26/CO[3]
                         net (fo=1, routed)           0.000     4.957    feed_handler_bd_i/signals_0/inst/regslice_both_out_sig_U/select_ln75_reg_10619_reg[31]_i_26_n_0
    SLICE_X60Y81         CARRY4 (Prop_carry4_CI_CO[3])
                                                      0.114     5.071 r  feed_handler_bd_i/signals_0/inst/regslice_both_out_sig_U/select_ln75_reg_10619_reg[31]_i_17/CO[3]
                         net (fo=1, routed)           0.000     5.071    feed_handler_bd_i/signals_0/inst/regslice_both_out_sig_U/select_ln75_reg_10619_reg[31]_i_17_n_0
    SLICE_X60Y82         CARRY4 (Prop_carry4_CI_CO[3])
                                                      0.114     5.185 r  feed_handler_bd_i/signals_0/inst/regslice_both_out_sig_U/select_ln75_reg_10619_reg[31]_i_8/CO[3]
                         net (fo=1, routed)           0.000     5.185    feed_handler_bd_i/signals_0/inst/regslice_both_out_sig_U/select_ln75_reg_10619_reg[31]_i_8_n_0
    SLICE_X60Y83         CARRY4 (Prop_carry4_CI_CO[3])
                                                      0.114     5.299 r  feed_handler_bd_i/signals_0/inst/regslice_both_out_sig_U/select_ln75_reg_10619_reg[31]_i_3/CO[3]
                         net (fo=1, routed)           0.731     6.030    feed_handler_bd_i/signals_0/inst/regslice_both_out_sig_U/icmp_ln75_fu_2413_p2
    SLICE_X60Y84         LUT3 (Prop_lut3_I1_O)        0.124     6.154 r  feed_handler_bd_i/signals_0/inst/regslice_both_out_sig_U/select_ln75_reg_10619[31]_i_1/O
                         net (fo=32, routed)          0.708     6.862    feed_handler_bd_i/signals_0/inst/regslice_both_out_sig_U_n_94
    SLICE_X59Y81         FDRE                                         r  feed_handler_bd_i/signals_0/inst/select_ln75_reg_10619_reg[12]/R
  -------------------------------------------------------------------    -------------------

                         (clock clk_fpga_1 rise edge)
                                                      4.000     4.000 r  
    PS7_X0Y0             PS7                          0.000     4.000 r  feed_handler_bd_i/ps7/inst/PS7_i/FCLKCLK[1]
                         net (fo=1, routed)           1.088     5.088    feed_handler_bd_i/ps7/inst/FCLK_CLK_unbuffered[1]
    BUFGCTRL_X0Y17       BUFG (Prop_bufg_I_O)         0.091     5.179 r  feed_handler_bd_i/ps7/inst/buffer_fclk_clk_1.FCLK_CLK_1_BUFG/O
                         net (fo=31772, routed)       1.527     6.706    feed_handler_bd_i/signals_0/inst/ap_clk
    SLICE_X59Y81         FDRE                                         r  feed_handler_bd_i/signals_0/inst/select_ln75_reg_10619_reg[12]/C
                         clock pessimism              0.229     6.935    
                         clock uncertainty           -0.070     6.865    
    SLICE_X59Y81         FDRE (Setup_fdre_C_R)       -0.429     6.436    feed_handler_bd_i/signals_0/inst/select_ln75_reg_10619_reg[12]
  -------------------------------------------------------------------
                         required time                          6.436    
                         arrival time                          -6.862    
  -------------------------------------------------------------------
                         slack                                 -0.426    

Slack (VIOLATED) :        -0.426ns  (required time - arrival time)
  Source:                 feed_handler_bd_i/signals_0/inst/snap_asks_price_reg_9218_pp0_iter15_reg_reg[4]/C
                            (rising edge-triggered cell FDRE clocked by clk_fpga_1  {rise@0.000ns fall@2.000ns period=4.000ns})
  Destination:            feed_handler_bd_i/signals_0/inst/select_ln75_reg_10619_reg[13]/R
                            (rising edge-triggered cell FDRE clocked by clk_fpga_1  {rise@0.000ns fall@2.000ns period=4.000ns})
  Path Group:             clk_fpga_1
  Path Type:              Setup (Max at Slow Process Corner)
  Requirement:            4.000ns  (clk_fpga_1 rise@4.000ns - clk_fpga_1 rise@0.000ns)
  Data Path Delay:        3.867ns  (logic 1.582ns (40.907%)  route 2.285ns (59.093%))
  Logic Levels:           6  (CARRY4=4 LUT3=1 LUT4=1)
  Clock Path Skew:        -0.060ns (DCD - SCD + CPR)
    Destination Clock Delay (DCD):    2.706ns = ( 6.706 - 4.000 ) 
    Source Clock Delay      (SCD):    2.995ns
    Clock Pessimism Removal (CPR):    0.229ns
  Clock Uncertainty:      0.070ns  ((TSJ^2 + TIJ^2)^1/2 + DJ) / 2 + PE
    Total System Jitter     (TSJ):    0.071ns
    Total Input Jitter      (TIJ):    0.120ns
    Discrete Jitter          (DJ):    0.000ns
    Phase Error              (PE):    0.000ns

    Location             Delay type                Incr(ns)  Path(ns)    Netlist Resource(s)
  -------------------------------------------------------------------    -------------------
                         (clock clk_fpga_1 rise edge)
                                                      0.000     0.000 r  
    PS7_X0Y0             PS7                          0.000     0.000 r  feed_handler_bd_i/ps7/inst/PS7_i/FCLKCLK[1]
                         net (fo=1, routed)           1.193     1.193    feed_handler_bd_i/ps7/inst/FCLK_CLK_unbuffered[1]
    BUFGCTRL_X0Y17       BUFG (Prop_bufg_I_O)         0.101     1.294 r  feed_handler_bd_i/ps7/inst/buffer_fclk_clk_1.FCLK_CLK_1_BUFG/O
                         net (fo=31772, routed)       1.701     2.995    feed_handler_bd_i/signals_0/inst/ap_clk
    SLICE_X61Y79         FDRE                                         r  feed_handler_bd_i/signals_0/inst/snap_asks_price_reg_9218_pp0_iter15_reg_reg[4]/C
  -------------------------------------------------------------------    -------------------
    SLICE_X61Y79         FDRE (Prop_fdre_C_Q)         0.419     3.414 r  feed_handler_bd_i/signals_0/inst/snap_asks_price_reg_9218_pp0_iter15_reg_reg[4]/Q
                         net (fo=5, routed)           0.846     4.260    feed_handler_bd_i/signals_0/inst/regslice_both_out_sig_U/snap_asks_price_reg_9218_pp0_iter15_reg[4]
    SLICE_X60Y80         LUT4 (Prop_lut4_I1_O)        0.299     4.559 r  feed_handler_bd_i/signals_0/inst/regslice_both_out_sig_U/select_ln75_reg_10619[31]_i_40/O
                         net (fo=1, routed)           0.000     4.559    feed_handler_bd_i/signals_0/inst/regslice_both_out_sig_U/select_ln75_reg_10619[31]_i_40_n_0
    SLICE_X60Y80         CARRY4 (Prop_carry4_S[2]_CO[3])
                                                      0.398     4.957 r  feed_handler_bd_i/signals_0/inst/regslice_both_out_sig_U/select_ln75_reg_10619_reg[31]_i_26/CO[3]
                         net (fo=1, routed)           0.000     4.957    feed_handler_bd_i/signals_0/inst/regslice_both_out_sig_U/select_ln75_reg_10619_reg[31]_i_26_n_0
    SLICE_X60Y81         CARRY4 (Prop_carry4_CI_CO[3])
                                                      0.114     5.071 r  feed_handler_bd_i/signals_0/inst/regslice_both_out_sig_U/select_ln75_reg_10619_reg[31]_i_17/CO[3]
                         net (fo=1, routed)           0.000     5.071    feed_handler_bd_i/signals_0/inst/regslice_both_out_sig_U/select_ln75_reg_10619_reg[31]_i_17_n_0
    SLICE_X60Y82         CARRY4 (Prop_carry4_CI_CO[3])
                                                      0.114     5.185 r  feed_handler_bd_i/signals_0/inst/regslice_both_out_sig_U/select_ln75_reg_10619_reg[31]_i_8/CO[3]
                         net (fo=1, routed)           0.000     5.185    feed_handler_bd_i/signals_0/inst/regslice_both_out_sig_U/select_ln75_reg_10619_reg[31]_i_8_n_0
    SLICE_X60Y83         CARRY4 (Prop_carry4_CI_CO[3])
                                                      0.114     5.299 r  feed_handler_bd_i/signals_0/inst/regslice_both_out_sig_U/select_ln75_reg_10619_reg[31]_i_3/CO[3]
                         net (fo=1, routed)           0.731     6.030    feed_handler_bd_i/signals_0/inst/regslice_both_out_sig_U/icmp_ln75_fu_2413_p2
    SLICE_X60Y84         LUT3 (Prop_lut3_I1_O)        0.124     6.154 r  feed_handler_bd_i/signals_0/inst/regslice_both_out_sig_U/select_ln75_reg_10619[31]_i_1/O
                         net (fo=32, routed)          0.708     6.862    feed_handler_bd_i/signals_0/inst/regslice_both_out_sig_U_n_94
    SLICE_X59Y81         FDRE                                         r  feed_handler_bd_i/signals_0/inst/select_ln75_reg_10619_reg[13]/R
  -------------------------------------------------------------------    -------------------

                         (clock clk_fpga_1 rise edge)
                                                      4.000     4.000 r  
    PS7_X0Y0             PS7                          0.000     4.000 r  feed_handler_bd_i/ps7/inst/PS7_i/FCLKCLK[1]
                         net (fo=1, routed)           1.088     5.088    feed_handler_bd_i/ps7/inst/FCLK_CLK_unbuffered[1]
    BUFGCTRL_X0Y17       BUFG (Prop_bufg_I_O)         0.091     5.179 r  feed_handler_bd_i/ps7/inst/buffer_fclk_clk_1.FCLK_CLK_1_BUFG/O
                         net (fo=31772, routed)       1.527     6.706    feed_handler_bd_i/signals_0/inst/ap_clk
    SLICE_X59Y81         FDRE                                         r  feed_handler_bd_i/signals_0/inst/select_ln75_reg_10619_reg[13]/C
                         clock pessimism              0.229     6.935    
                         clock uncertainty           -0.070     6.865    
    SLICE_X59Y81         FDRE (Setup_fdre_C_R)       -0.429     6.436    feed_handler_bd_i/signals_0/inst/select_ln75_reg_10619_reg[13]
  -------------------------------------------------------------------
                         required time                          6.436    
                         arrival time                          -6.862    
  -------------------------------------------------------------------
                         slack                                 -0.426    

Slack (VIOLATED) :        -0.426ns  (required time - arrival time)
  Source:                 feed_handler_bd_i/signals_0/inst/snap_asks_price_reg_9218_pp0_iter15_reg_reg[4]/C
                            (rising edge-triggered cell FDRE clocked by clk_fpga_1  {rise@0.000ns fall@2.000ns period=4.000ns})
  Destination:            feed_handler_bd_i/signals_0/inst/select_ln75_reg_10619_reg[14]/R
                            (rising edge-triggered cell FDRE clocked by clk_fpga_1  {rise@0.000ns fall@2.000ns period=4.000ns})
  Path Group:             clk_fpga_1
  Path Type:              Setup (Max at Slow Process Corner)
  Requirement:            4.000ns  (clk_fpga_1 rise@4.000ns - clk_fpga_1 rise@0.000ns)
  Data Path Delay:        3.867ns  (logic 1.582ns (40.907%)  route 2.285ns (59.093%))
  Logic Levels:           6  (CARRY4=4 LUT3=1 LUT4=1)
  Clock Path Skew:        -0.060ns (DCD - SCD + CPR)
    Destination Clock Delay (DCD):    2.706ns = ( 6.706 - 4.000 ) 
    Source Clock Delay      (SCD):    2.995ns
    Clock Pessimism Removal (CPR):    0.229ns
  Clock Uncertainty:      0.070ns  ((TSJ^2 + TIJ^2)^1/2 + DJ) / 2 + PE
    Total System Jitter     (TSJ):    0.071ns
    Total Input Jitter      (TIJ):    0.120ns
    Discrete Jitter          (DJ):    0.000ns
    Phase Error              (PE):    0.000ns

    Location             Delay type                Incr(ns)  Path(ns)    Netlist Resource(s)
  -------------------------------------------------------------------    -------------------
                         (clock clk_fpga_1 rise edge)
                                                      0.000     0.000 r  
    PS7_X0Y0             PS7                          0.000     0.000 r  feed_handler_bd_i/ps7/inst/PS7_i/FCLKCLK[1]
                         net (fo=1, routed)           1.193     1.193    feed_handler_bd_i/ps7/inst/FCLK_CLK_unbuffered[1]
    BUFGCTRL_X0Y17       BUFG (Prop_bufg_I_O)         0.101     1.294 r  feed_handler_bd_i/ps7/inst/buffer_fclk_clk_1.FCLK_CLK_1_BUFG/O
                         net (fo=31772, routed)       1.701     2.995    feed_handler_bd_i/signals_0/inst/ap_clk
    SLICE_X61Y79         FDRE                                         r  feed_handler_bd_i/signals_0/inst/snap_asks_price_reg_9218_pp0_iter15_reg_reg[4]/C
  -------------------------------------------------------------------    -------------------
    SLICE_X61Y79         FDRE (Prop_fdre_C_Q)         0.419     3.414 r  feed_handler_bd_i/signals_0/inst/snap_asks_price_reg_9218_pp0_iter15_reg_reg[4]/Q
                         net (fo=5, routed)           0.846     4.260    feed_handler_bd_i/signals_0/inst/regslice_both_out_sig_U/snap_asks_price_reg_9218_pp0_iter15_reg[4]
    SLICE_X60Y80         LUT4 (Prop_lut4_I1_O)        0.299     4.559 r  feed_handler_bd_i/signals_0/inst/regslice_both_out_sig_U/select_ln75_reg_10619[31]_i_40/O
                         net (fo=1, routed)           0.000     4.559    feed_handler_bd_i/signals_0/inst/regslice_both_out_sig_U/select_ln75_reg_10619[31]_i_40_n_0
    SLICE_X60Y80         CARRY4 (Prop_carry4_S[2]_CO[3])
                                                      0.398     4.957 r  feed_handler_bd_i/signals_0/inst/regslice_both_out_sig_U/select_ln75_reg_10619_reg[31]_i_26/CO[3]
                         net (fo=1, routed)           0.000     4.957    feed_handler_bd_i/signals_0/inst/regslice_both_out_sig_U/select_ln75_reg_10619_reg[31]_i_26_n_0
    SLICE_X60Y81         CARRY4 (Prop_carry4_CI_CO[3])
                                                      0.114     5.071 r  feed_handler_bd_i/signals_0/inst/regslice_both_out_sig_U/select_ln75_reg_10619_reg[31]_i_17/CO[3]
                         net (fo=1, routed)           0.000     5.071    feed_handler_bd_i/signals_0/inst/regslice_both_out_sig_U/select_ln75_reg_10619_reg[31]_i_17_n_0
    SLICE_X60Y82         CARRY4 (Prop_carry4_CI_CO[3])
                                                      0.114     5.185 r  feed_handler_bd_i/signals_0/inst/regslice_both_out_sig_U/select_ln75_reg_10619_reg[31]_i_8/CO[3]
                         net (fo=1, routed)           0.000     5.185    feed_handler_bd_i/signals_0/inst/regslice_both_out_sig_U/select_ln75_reg_10619_reg[31]_i_8_n_0
    SLICE_X60Y83         CARRY4 (Prop_carry4_CI_CO[3])
                                                      0.114     5.299 r  feed_handler_bd_i/signals_0/inst/regslice_both_out_sig_U/select_ln75_reg_10619_reg[31]_i_3/CO[3]
                         net (fo=1, routed)           0.731     6.030    feed_handler_bd_i/signals_0/inst/regslice_both_out_sig_U/icmp_ln75_fu_2413_p2
    SLICE_X60Y84         LUT3 (Prop_lut3_I1_O)        0.124     6.154 r  feed_handler_bd_i/signals_0/inst/regslice_both_out_sig_U/select_ln75_reg_10619[31]_i_1/O
                         net (fo=32, routed)          0.708     6.862    feed_handler_bd_i/signals_0/inst/regslice_both_out_sig_U_n_94
    SLICE_X59Y81         FDRE                                         r  feed_handler_bd_i/signals_0/inst/select_ln75_reg_10619_reg[14]/R
  -------------------------------------------------------------------    -------------------

                         (clock clk_fpga_1 rise edge)
                                                      4.000     4.000 r  
    PS7_X0Y0             PS7                          0.000     4.000 r  feed_handler_bd_i/ps7/inst/PS7_i/FCLKCLK[1]
                         net (fo=1, routed)           1.088     5.088    feed_handler_bd_i/ps7/inst/FCLK_CLK_unbuffered[1]
    BUFGCTRL_X0Y17       BUFG (Prop_bufg_I_O)         0.091     5.179 r  feed_handler_bd_i/ps7/inst/buffer_fclk_clk_1.FCLK_CLK_1_BUFG/O
                         net (fo=31772, routed)       1.527     6.706    feed_handler_bd_i/signals_0/inst/ap_clk
    SLICE_X59Y81         FDRE                                         r  feed_handler_bd_i/signals_0/inst/select_ln75_reg_10619_reg[14]/C
                         clock pessimism              0.229     6.935    
                         clock uncertainty           -0.070     6.865    
    SLICE_X59Y81         FDRE (Setup_fdre_C_R)       -0.429     6.436    feed_handler_bd_i/signals_0/inst/select_ln75_reg_10619_reg[14]
  -------------------------------------------------------------------
                         required time                          6.436    
                         arrival time                          -6.862    
  -------------------------------------------------------------------
                         slack                                 -0.426    

Slack (VIOLATED) :        -0.426ns  (required time - arrival time)
  Source:                 feed_handler_bd_i/signals_0/inst/snap_asks_price_reg_9218_pp0_iter15_reg_reg[4]/C
                            (rising edge-triggered cell FDRE clocked by clk_fpga_1  {rise@0.000ns fall@2.000ns period=4.000ns})
  Destination:            feed_handler_bd_i/signals_0/inst/select_ln75_reg_10619_reg[15]/R
                            (rising edge-triggered cell FDRE clocked by clk_fpga_1  {rise@0.000ns fall@2.000ns period=4.000ns})
  Path Group:             clk_fpga_1
  Path Type:              Setup (Max at Slow Process Corner)
  Requirement:            4.000ns  (clk_fpga_1 rise@4.000ns - clk_fpga_1 rise@0.000ns)
  Data Path Delay:        3.867ns  (logic 1.582ns (40.907%)  route 2.285ns (59.093%))
  Logic Levels:           6  (CARRY4=4 LUT3=1 LUT4=1)
  Clock Path Skew:        -0.060ns (DCD - SCD + CPR)
    Destination Clock Delay (DCD):    2.706ns = ( 6.706 - 4.000 ) 
    Source Clock Delay      (SCD):    2.995ns
    Clock Pessimism Removal (CPR):    0.229ns
  Clock Uncertainty:      0.070ns  ((TSJ^2 + TIJ^2)^1/2 + DJ) / 2 + PE
    Total System Jitter     (TSJ):    0.071ns
    Total Input Jitter      (TIJ):    0.120ns
    Discrete Jitter          (DJ):    0.000ns
    Phase Error              (PE):    0.000ns

    Location             Delay type                Incr(ns)  Path(ns)    Netlist Resource(s)
  -------------------------------------------------------------------    -------------------
                         (clock clk_fpga_1 rise edge)
                                                      0.000     0.000 r  
    PS7_X0Y0             PS7                          0.000     0.000 r  feed_handler_bd_i/ps7/inst/PS7_i/FCLKCLK[1]
                         net (fo=1, routed)           1.193     1.193    feed_handler_bd_i/ps7/inst/FCLK_CLK_unbuffered[1]
    BUFGCTRL_X0Y17       BUFG (Prop_bufg_I_O)         0.101     1.294 r  feed_handler_bd_i/ps7/inst/buffer_fclk_clk_1.FCLK_CLK_1_BUFG/O
                         net (fo=31772, routed)       1.701     2.995    feed_handler_bd_i/signals_0/inst/ap_clk
    SLICE_X61Y79         FDRE                                         r  feed_handler_bd_i/signals_0/inst/snap_asks_price_reg_9218_pp0_iter15_reg_reg[4]/C
  -------------------------------------------------------------------    -------------------
    SLICE_X61Y79         FDRE (Prop_fdre_C_Q)         0.419     3.414 r  feed_handler_bd_i/signals_0/inst/snap_asks_price_reg_9218_pp0_iter15_reg_reg[4]/Q
                         net (fo=5, routed)           0.846     4.260    feed_handler_bd_i/signals_0/inst/regslice_both_out_sig_U/snap_asks_price_reg_9218_pp0_iter15_reg[4]
    SLICE_X60Y80         LUT4 (Prop_lut4_I1_O)        0.299     4.559 r  feed_handler_bd_i/signals_0/inst/regslice_both_out_sig_U/select_ln75_reg_10619[31]_i_40/O
                         net (fo=1, routed)           0.000     4.559    feed_handler_bd_i/signals_0/inst/regslice_both_out_sig_U/select_ln75_reg_10619[31]_i_40_n_0
    SLICE_X60Y80         CARRY4 (Prop_carry4_S[2]_CO[3])
                                                      0.398     4.957 r  feed_handler_bd_i/signals_0/inst/regslice_both_out_sig_U/select_ln75_reg_10619_reg[31]_i_26/CO[3]
                         net (fo=1, routed)           0.000     4.957    feed_handler_bd_i/signals_0/inst/regslice_both_out_sig_U/select_ln75_reg_10619_reg[31]_i_26_n_0
    SLICE_X60Y81         CARRY4 (Prop_carry4_CI_CO[3])
                                                      0.114     5.071 r  feed_handler_bd_i/signals_0/inst/regslice_both_out_sig_U/select_ln75_reg_10619_reg[31]_i_17/CO[3]
                         net (fo=1, routed)           0.000     5.071    feed_handler_bd_i/signals_0/inst/regslice_both_out_sig_U/select_ln75_reg_10619_reg[31]_i_17_n_0
    SLICE_X60Y82         CARRY4 (Prop_carry4_CI_CO[3])
                                                      0.114     5.185 r  feed_handler_bd_i/signals_0/inst/regslice_both_out_sig_U/select_ln75_reg_10619_reg[31]_i_8/CO[3]
                         net (fo=1, routed)           0.000     5.185    feed_handler_bd_i/signals_0/inst/regslice_both_out_sig_U/select_ln75_reg_10619_reg[31]_i_8_n_0
    SLICE_X60Y83         CARRY4 (Prop_carry4_CI_CO[3])
                                                      0.114     5.299 r  feed_handler_bd_i/signals_0/inst/regslice_both_out_sig_U/select_ln75_reg_10619_reg[31]_i_3/CO[3]
                         net (fo=1, routed)           0.731     6.030    feed_handler_bd_i/signals_0/inst/regslice_both_out_sig_U/icmp_ln75_fu_2413_p2
    SLICE_X60Y84         LUT3 (Prop_lut3_I1_O)        0.124     6.154 r  feed_handler_bd_i/signals_0/inst/regslice_both_out_sig_U/select_ln75_reg_10619[31]_i_1/O
                         net (fo=32, routed)          0.708     6.862    feed_handler_bd_i/signals_0/inst/regslice_both_out_sig_U_n_94
    SLICE_X59Y81         FDRE                                         r  feed_handler_bd_i/signals_0/inst/select_ln75_reg_10619_reg[15]/R
  -------------------------------------------------------------------    -------------------

                         (clock clk_fpga_1 rise edge)
                                                      4.000     4.000 r  
    PS7_X0Y0             PS7                          0.000     4.000 r  feed_handler_bd_i/ps7/inst/PS7_i/FCLKCLK[1]
                         net (fo=1, routed)           1.088     5.088    feed_handler_bd_i/ps7/inst/FCLK_CLK_unbuffered[1]
    BUFGCTRL_X0Y17       BUFG (Prop_bufg_I_O)         0.091     5.179 r  feed_handler_bd_i/ps7/inst/buffer_fclk_clk_1.FCLK_CLK_1_BUFG/O
                         net (fo=31772, routed)       1.527     6.706    feed_handler_bd_i/signals_0/inst/ap_clk
    SLICE_X59Y81         FDRE                                         r  feed_handler_bd_i/signals_0/inst/select_ln75_reg_10619_reg[15]/C
                         clock pessimism              0.229     6.935    
                         clock uncertainty           -0.070     6.865    
    SLICE_X59Y81         FDRE (Setup_fdre_C_R)       -0.429     6.436    feed_handler_bd_i/signals_0/inst/select_ln75_reg_10619_reg[15]
  -------------------------------------------------------------------
                         required time                          6.436    
                         arrival time                          -6.862    
  -------------------------------------------------------------------
                         slack                                 -0.426    

Slack (VIOLATED) :        -0.359ns  (required time - arrival time)
  Source:                 feed_handler_bd_i/signals_0/inst/ap_enable_reg_pp0_iter54_reg/C
                            (rising edge-triggered cell FDRE clocked by clk_fpga_1  {rise@0.000ns fall@2.000ns period=4.000ns})
  Destination:            feed_handler_bd_i/signals_0/inst/regslice_both_in_snap_U/data_p1_reg[146]/CE
                            (rising edge-triggered cell FDRE clocked by clk_fpga_1  {rise@0.000ns fall@2.000ns period=4.000ns})
  Path Group:             clk_fpga_1
  Path Type:              Setup (Max at Slow Process Corner)
  Requirement:            4.000ns  (clk_fpga_1 rise@4.000ns - clk_fpga_1 rise@0.000ns)
  Data Path Delay:        3.993ns  (logic 0.704ns (17.631%)  route 3.289ns (82.369%))
  Logic Levels:           2  (LUT3=1 LUT5=1)
  Clock Path Skew:        -0.092ns (DCD - SCD + CPR)
    Destination Clock Delay (DCD):    2.801ns = ( 6.801 - 4.000 ) 
    Source Clock Delay      (SCD):    3.008ns
    Clock Pessimism Removal (CPR):    0.115ns
  Clock Uncertainty:      0.070ns  ((TSJ^2 + TIJ^2)^1/2 + DJ) / 2 + PE
    Total System Jitter     (TSJ):    0.071ns
    Total Input Jitter      (TIJ):    0.120ns
    Discrete Jitter          (DJ):    0.000ns
    Phase Error              (PE):    0.000ns

    Location             Delay type                Incr(ns)  Path(ns)    Netlist Resource(s)
  -------------------------------------------------------------------    -------------------
                         (clock clk_fpga_1 rise edge)
                                                      0.000     0.000 r  
    PS7_X0Y0             PS7                          0.000     0.000 r  feed_handler_bd_i/ps7/inst/PS7_i/FCLKCLK[1]
                         net (fo=1, routed)           1.193     1.193    feed_handler_bd_i/ps7/inst/FCLK_CLK_unbuffered[1]
    BUFGCTRL_X0Y17       BUFG (Prop_bufg_I_O)         0.101     1.294 r  feed_handler_bd_i/ps7/inst/buffer_fclk_clk_1.FCLK_CLK_1_BUFG/O
                         net (fo=31772, routed)       1.714     3.008    feed_handler_bd_i/signals_0/inst/ap_clk
    SLICE_X64Y58         FDRE                                         r  feed_handler_bd_i/signals_0/inst/ap_enable_reg_pp0_iter54_reg/C
  -------------------------------------------------------------------    -------------------
    SLICE_X64Y58         FDRE (Prop_fdre_C_Q)         0.456     3.464 f  feed_handler_bd_i/signals_0/inst/ap_enable_reg_pp0_iter54_reg/Q
                         net (fo=7, routed)           0.691     4.155    feed_handler_bd_i/signals_0/inst/regslice_both_out_sig_U/ap_enable_reg_pp0_iter54
    SLICE_X66Y58         LUT3 (Prop_lut3_I0_O)        0.124     4.279 r  feed_handler_bd_i/signals_0/inst/regslice_both_out_sig_U/conv_i38_i_reg_10562_pp0_iter21_reg[35]_i_1/O
                         net (fo=24704, routed)       0.702     4.981    feed_handler_bd_i/signals_0/inst/regslice_both_in_snap_U/p_9_in
    SLICE_X66Y55         LUT5 (Prop_lut5_I3_O)        0.124     5.105 r  feed_handler_bd_i/signals_0/inst/regslice_both_in_snap_U/data_p1[1983]_i_1/O
                         net (fo=1332, routed)        1.896     7.001    feed_handler_bd_i/signals_0/inst/regslice_both_in_snap_U/load_p1
    SLICE_X97Y39         FDRE                                         r  feed_handler_bd_i/signals_0/inst/regslice_both_in_snap_U/data_p1_reg[146]/CE
  -------------------------------------------------------------------    -------------------

                         (clock clk_fpga_1 rise edge)
                                                      4.000     4.000 r  
    PS7_X0Y0             PS7                          0.000     4.000 r  feed_handler_bd_i/ps7/inst/PS7_i/FCLKCLK[1]
                         net (fo=1, routed)           1.088     5.088    feed_handler_bd_i/ps7/inst/FCLK_CLK_unbuffered[1]
    BUFGCTRL_X0Y17       BUFG (Prop_bufg_I_O)         0.091     5.179 r  feed_handler_bd_i/ps7/inst/buffer_fclk_clk_1.FCLK_CLK_1_BUFG/O
                         net (fo=31772, routed)       1.622     6.802    feed_handler_bd_i/signals_0/inst/regslice_both_in_snap_U/ap_clk
    SLICE_X97Y39         FDRE                                         r  feed_handler_bd_i/signals_0/inst/regslice_both_in_snap_U/data_p1_reg[146]/C
                         clock pessimism              0.115     6.916    
                         clock uncertainty           -0.070     6.847    
    SLICE_X97Y39         FDRE (Setup_fdre_C_CE)      -0.205     6.642    feed_handler_bd_i/signals_0/inst/regslice_both_in_snap_U/data_p1_reg[146]
  -------------------------------------------------------------------
                         required time                          6.642    
                         arrival time                          -7.001    
  -------------------------------------------------------------------
                         slack                                 -0.359    

Slack (VIOLATED) :        -0.359ns  (required time - arrival time)
  Source:                 feed_handler_bd_i/signals_0/inst/ap_enable_reg_pp0_iter54_reg/C
                            (rising edge-triggered cell FDRE clocked by clk_fpga_1  {rise@0.000ns fall@2.000ns period=4.000ns})
  Destination:            feed_handler_bd_i/signals_0/inst/regslice_both_in_snap_U/data_p1_reg[155]/CE
                            (rising edge-triggered cell FDRE clocked by clk_fpga_1  {rise@0.000ns fall@2.000ns period=4.000ns})
  Path Group:             clk_fpga_1
  Path Type:              Setup (Max at Slow Process Corner)
  Requirement:            4.000ns  (clk_fpga_1 rise@4.000ns - clk_fpga_1 rise@0.000ns)
  Data Path Delay:        3.993ns  (logic 0.704ns (17.631%)  route 3.289ns (82.369%))
  Logic Levels:           2  (LUT3=1 LUT5=1)
  Clock Path Skew:        -0.092ns (DCD - SCD + CPR)
    Destination Clock Delay (DCD):    2.801ns = ( 6.801 - 4.000 ) 
    Source Clock Delay      (SCD):    3.008ns
    Clock Pessimism Removal (CPR):    0.115ns
  Clock Uncertainty:      0.070ns  ((TSJ^2 + TIJ^2)^1/2 + DJ) / 2 + PE
    Total System Jitter     (TSJ):    0.071ns
    Total Input Jitter      (TIJ):    0.120ns
    Discrete Jitter          (DJ):    0.000ns
    Phase Error              (PE):    0.000ns

    Location             Delay type                Incr(ns)  Path(ns)    Netlist Resource(s)
  -------------------------------------------------------------------    -------------------
                         (clock clk_fpga_1 rise edge)
                                                      0.000     0.000 r  
    PS7_X0Y0             PS7                          0.000     0.000 r  feed_handler_bd_i/ps7/inst/PS7_i/FCLKCLK[1]
                         net (fo=1, routed)           1.193     1.193    feed_handler_bd_i/ps7/inst/FCLK_CLK_unbuffered[1]
    BUFGCTRL_X0Y17       BUFG (Prop_bufg_I_O)         0.101     1.294 r  feed_handler_bd_i/ps7/inst/buffer_fclk_clk_1.FCLK_CLK_1_BUFG/O
                         net (fo=31772, routed)       1.714     3.008    feed_handler_bd_i/signals_0/inst/ap_clk
    SLICE_X64Y58         FDRE                                         r  feed_handler_bd_i/signals_0/inst/ap_enable_reg_pp0_iter54_reg/C
  -------------------------------------------------------------------    -------------------
    SLICE_X64Y58         FDRE (Prop_fdre_C_Q)         0.456     3.464 f  feed_handler_bd_i/signals_0/inst/ap_enable_reg_pp0_iter54_reg/Q
                         net (fo=7, routed)           0.691     4.155    feed_handler_bd_i/signals_0/inst/regslice_both_out_sig_U/ap_enable_reg_pp0_iter54
    SLICE_X66Y58         LUT3 (Prop_lut3_I0_O)        0.124     4.279 r  feed_handler_bd_i/signals_0/inst/regslice_both_out_sig_U/conv_i38_i_reg_10562_pp0_iter21_reg[35]_i_1/O
                         net (fo=24704, routed)       0.702     4.981    feed_handler_bd_i/signals_0/inst/regslice_both_in_snap_U/p_9_in
    SLICE_X66Y55         LUT5 (Prop_lut5_I3_O)        0.124     5.105 r  feed_handler_bd_i/signals_0/inst/regslice_both_in_snap_U/data_p1[1983]_i_1/O
                         net (fo=1332, routed)        1.896     7.001    feed_handler_bd_i/signals_0/inst/regslice_both_in_snap_U/load_p1
    SLICE_X97Y39         FDRE                                         r  feed_handler_bd_i/signals_0/inst/regslice_both_in_snap_U/data_p1_reg[155]/CE
  -------------------------------------------------------------------    -------------------

                         (clock clk_fpga_1 rise edge)
                                                      4.000     4.000 r  
    PS7_X0Y0             PS7                          0.000     4.000 r  feed_handler_bd_i/ps7/inst/PS7_i/FCLKCLK[1]
                         net (fo=1, routed)           1.088     5.088    feed_handler_bd_i/ps7/inst/FCLK_CLK_unbuffered[1]
    BUFGCTRL_X0Y17       BUFG (Prop_bufg_I_O)         0.091     5.179 r  feed_handler_bd_i/ps7/inst/buffer_fclk_clk_1.FCLK_CLK_1_BUFG/O
                         net (fo=31772, routed)       1.622     6.802    feed_handler_bd_i/signals_0/inst/regslice_both_in_snap_U/ap_clk
    SLICE_X97Y39         FDRE                                         r  feed_handler_bd_i/signals_0/inst/regslice_both_in_snap_U/data_p1_reg[155]/C
                         clock pessimism              0.115     6.916    
                         clock uncertainty           -0.070     6.847    
    SLICE_X97Y39         FDRE (Setup_fdre_C_CE)      -0.205     6.642    feed_handler_bd_i/signals_0/inst/regslice_both_in_snap_U/data_p1_reg[155]
  -------------------------------------------------------------------
                         required time                          6.642    
                         arrival time                          -7.001    
  -------------------------------------------------------------------
                         slack                                 -0.359    




