

================================================================
== Vitis HLS Report for 'feed_parser'
================================================================
* Date:           Fri Sep 18 05:03:20 2026

* Version:        2024.1 (Build 5069499 on May 21 2024)
* Project:        feed_parser
* Solution:       solution1 (Vivado IP Flow Target)
* Product family: zynq
* Target device:  xc7z020-clg400-1


================================================================
== Performance Estimates
================================================================
+ Timing: 
    * Summary: 
    +--------+---------+----------+------------+
    |  Clock |  Target | Estimated| Uncertainty|
    +--------+---------+----------+------------+
    |ap_clk  |  4.00 ns|  4.520 ns|     0.35 ns|
    +--------+---------+----------+------------+

+ Latency: 
    * Summary: 
    +---------+---------+----------+----------+-----+-----+-----------------------------------------------+
    |  Latency (cycles) |  Latency (absolute) |  Interval |                    Pipeline                   |
    |   min   |   max   |    min   |    max   | min | max |                      Type                     |
    +---------+---------+----------+----------+-----+-----+-----------------------------------------------+
    |        ?|        ?|         ?|         ?|    0|    0|  loop auto-rewind stp(delay=0 clock cycles(s))|
    +---------+---------+----------+----------+-----+-----+-----------------------------------------------+

    + Detail: 
        * Instance: 
        +-------------------------+---------------+---------+---------+-----------+-----------+-----+-----+---------+
        |                         |               |  Latency (cycles) |   Latency (absolute)  |  Interval | Pipeline|
        |         Instance        |     Module    |   min   |   max   |    min    |    max    | min | max |   Type  |
        +-------------------------+---------------+---------+---------+-----------+-----------+-----+-----+---------+
        |grp_parser_div100_fu_75  |parser_div100  |        9|        9|  36.000 ns|  36.000 ns|    1|    1|      yes|
        +-------------------------+---------------+---------+---------+-----------+-----------+-----+-----+---------+

        * Loop: 
        +-------------------+---------+---------+----------+-----------+-----------+------+----------+
        |                   |  Latency (cycles) | Iteration|  Initiation Interval  | Trip |          |
        |     Loop Name     |   min   |   max   |  Latency |  achieved |   target  | Count| Pipelined|
        +-------------------+---------+---------+----------+-----------+-----------+------+----------+
        |- VITIS_LOOP_69_1  |        ?|        ?|        25|         22|         22|     ?|       yes|
        +-------------------+---------+---------+----------+-----------+-----------+------+----------+



================================================================
== Utilization Estimates
================================================================
* Summary: 
+-----------------+---------+-----+--------+-------+-----+
|       Name      | BRAM_18K| DSP |   FF   |  LUT  | URAM|
+-----------------+---------+-----+--------+-------+-----+
|DSP              |        -|    -|       -|      -|    -|
|Expression       |        -|    -|       0|    161|    -|
|FIFO             |        -|    -|       -|      -|    -|
|Instance         |        -|   16|     948|    326|    -|
|Memory           |        -|    -|       -|      -|    -|
|Multiplexer      |        -|    -|       0|    131|    -|
|Register         |        -|    -|     130|      -|    -|
+-----------------+---------+-----+--------+-------+-----+
|Total            |        0|   16|    1078|    618|    0|
+-----------------+---------+-----+--------+-------+-----+
|Available        |      280|  220|  106400|  53200|    0|
+-----------------+---------+-----+--------+-------+-----+
|Utilization (%)  |        0|    7|       1|      1|    0|
+-----------------+---------+-----+--------+-------+-----+

+ Detail: 
    * Instance: 
    +-------------------------+---------------+---------+----+-----+-----+-----+
    |         Instance        |     Module    | BRAM_18K| DSP|  FF | LUT | URAM|
    +-------------------------+---------------+---------+----+-----+-----+-----+
    |grp_parser_div100_fu_75  |parser_div100  |        0|  16|  948|  326|    0|
    +-------------------------+---------------+---------+----+-----+-----+-----+
    |Total                    |               |        0|  16|  948|  326|    0|
    +-------------------------+---------------+---------+----+-----+-----+-----+

    * DSP: 
    N/A

    * Memory: 
    N/A

    * FIFO: 
    N/A

    * Expression: 
    +-------------------------------------------+----------+----+---+----+------------+------------+
    |               Variable Name               | Operation| DSP| FF| LUT| Bitwidth P0| Bitwidth P1|
    +-------------------------------------------+----------+----+---+----+------------+------------+
    |ap_block_state10_pp0_stage9_iter0          |       and|   0|  0|   2|           1|           1|
    |ap_block_state1_pp0_stage0_iter0           |       and|   0|  0|   2|           1|           1|
    |ap_block_state24_io                        |       and|   0|  0|   2|           1|           1|
    |tmp_nbreadreq_fu_54_p3                     |       and|   0|  0|   2|           1|           0|
    |icmp_ln57_1_fu_130_p2                      |      icmp|   0|  0|  15|           8|           7|
    |icmp_ln57_fu_119_p2                        |      icmp|   0|  0|  15|           8|           7|
    |icmp_ln88_fu_114_p2                        |      icmp|   0|  0|  15|           8|           7|
    |ap_block_pp0_stage0_11001                  |        or|   0|  0|   2|           1|           1|
    |ap_block_pp0_stage0_11001_ignoreCallOp70   |        or|   0|  0|   2|           1|           1|
    |ap_block_pp0_stage10_11001                 |        or|   0|  0|   2|           1|           1|
    |ap_block_pp0_stage11_11001                 |        or|   0|  0|   2|           1|           1|
    |ap_block_pp0_stage12_11001                 |        or|   0|  0|   2|           1|           1|
    |ap_block_pp0_stage13_11001                 |        or|   0|  0|   2|           1|           1|
    |ap_block_pp0_stage13_11001_ignoreCallOp53  |        or|   0|  0|   2|           1|           1|
    |ap_block_pp0_stage14_11001                 |        or|   0|  0|   2|           1|           1|
    |ap_block_pp0_stage14_11001_ignoreCallOp55  |        or|   0|  0|   2|           1|           1|
    |ap_block_pp0_stage15_11001                 |        or|   0|  0|   2|           1|           1|
    |ap_block_pp0_stage15_11001_ignoreCallOp57  |        or|   0|  0|   2|           1|           1|
    |ap_block_pp0_stage16_11001                 |        or|   0|  0|   2|           1|           1|
    |ap_block_pp0_stage16_11001_ignoreCallOp59  |        or|   0|  0|   2|           1|           1|
    |ap_block_pp0_stage17_11001                 |        or|   0|  0|   2|           1|           1|
    |ap_block_pp0_stage17_11001_ignoreCallOp61  |        or|   0|  0|   2|           1|           1|
    |ap_block_pp0_stage18_11001                 |        or|   0|  0|   2|           1|           1|
    |ap_block_pp0_stage18_11001_ignoreCallOp63  |        or|   0|  0|   2|           1|           1|
    |ap_block_pp0_stage19_11001                 |        or|   0|  0|   2|           1|           1|
    |ap_block_pp0_stage19_11001_ignoreCallOp65  |        or|   0|  0|   2|           1|           1|
    |ap_block_pp0_stage1_01001                  |        or|   0|  0|   2|           1|           1|
    |ap_block_pp0_stage1_11001                  |        or|   0|  0|   2|           1|           1|
    |ap_block_pp0_stage1_11001_ignoreCallOp80   |        or|   0|  0|   2|           1|           1|
    |ap_block_pp0_stage20_11001                 |        or|   0|  0|   2|           1|           1|
    |ap_block_pp0_stage20_11001_ignoreCallOp67  |        or|   0|  0|   2|           1|           1|
    |ap_block_pp0_stage21_11001                 |        or|   0|  0|   2|           1|           1|
    |ap_block_pp0_stage21_11001_ignoreCallOp69  |        or|   0|  0|   2|           1|           1|
    |ap_block_pp0_stage2_11001                  |        or|   0|  0|   2|           1|           1|
    |ap_block_pp0_stage3_11001                  |        or|   0|  0|   2|           1|           1|
    |ap_block_pp0_stage4_11001                  |        or|   0|  0|   2|           1|           1|
    |ap_block_pp0_stage5_11001                  |        or|   0|  0|   2|           1|           1|
    |ap_block_pp0_stage6_11001                  |        or|   0|  0|   2|           1|           1|
    |ap_block_pp0_stage7_11001                  |        or|   0|  0|   2|           1|           1|
    |ap_block_pp0_stage8_11001                  |        or|   0|  0|   2|           1|           1|
    |ap_block_pp0_stage9_11001                  |        or|   0|  0|   2|           1|           1|
    |ap_block_state3_pp0_stage2_iter0           |        or|   0|  0|   2|           1|           1|
    |or_ln57_1_fu_135_p2                        |        or|   0|  0|   2|           1|           1|
    |or_ln57_fu_124_p2                          |        or|   0|  0|   2|           1|           1|
    |size_norm_fu_153_p3                        |    select|   0|  0|  32|           1|           1|
    |ap_enable_pp0                              |       xor|   0|  0|   2|           1|           2|
    +-------------------------------------------+----------+----+---+----+------------+------------+
    |Total                                      |          |   0|  0| 161|          67|          64|
    +-------------------------------------------+----------+----+---+----+------------+------------+

    * Multiplexer: 
    +----------------------+-----+-----------+-----+-----------+
    |         Name         | LUT | Input Size| Bits| Total Bits|
    +----------------------+-----+-----------+-----+-----------+
    |ap_NS_fsm             |  113|         23|    1|         23|
    |in_bytes_TDATA_blk_n  |    9|          2|    1|          2|
    |out_msgs_TDATA_blk_n  |    9|          2|    1|          2|
    +----------------------+-----+-----------+-----+-----------+
    |Total                 |  131|         27|    3|         27|
    +----------------------+-----+-----------+-----+-----------+

    * Register: 
    +--------------------------+----+----+-----+-----------+
    |           Name           | FF | LUT| Bits| Const Bits|
    +--------------------------+----+----+-----+-----------+
    |ap_CS_fsm                 |  22|   0|   22|          0|
    |ap_enable_reg_pp0_iter1   |   1|   0|    1|          0|
    |icmp_ln88_reg_238         |   1|   0|    1|          0|
    |in_bytes_read_10_reg_218  |   8|   0|    8|          0|
    |in_bytes_read_11_reg_223  |   8|   0|    8|          0|
    |in_bytes_read_12_reg_228  |   8|   0|    8|          0|
    |in_bytes_read_2_reg_198   |   8|   0|    8|          0|
    |in_bytes_read_3_reg_203   |   8|   0|    8|          0|
    |in_bytes_read_4_reg_208   |   8|   0|    8|          0|
    |in_bytes_read_5_reg_213   |   8|   0|    8|          0|
    |msg_type_reg_186          |   8|   0|    8|          0|
    |or_ln57_1_reg_243         |   1|   0|    1|          0|
    |reg_80                    |   8|   0|    8|          0|
    |reg_84                    |   8|   0|    8|          0|
    |reg_88                    |   8|   0|    8|          0|
    |reg_92                    |   8|   0|    8|          0|
    |side_raw_reg_193          |   8|   0|    8|          0|
    |tmp_reg_182               |   1|   0|    1|          0|
    +--------------------------+----+----+-----+-----------+
    |Total                     | 130|   0|  130|          0|
    +--------------------------+----+----+-----+-----------+



================================================================
== Interface
================================================================
* Summary: 
+-----------------+-----+-----+--------------+--------------+--------------+
|    RTL Ports    | Dir | Bits|   Protocol   | Source Object|    C Type    |
+-----------------+-----+-----+--------------+--------------+--------------+
|ap_clk           |   in|    1|  ap_ctrl_none|   feed_parser|  return value|
|ap_rst_n         |   in|    1|  ap_ctrl_none|   feed_parser|  return value|
|in_bytes_TVALID  |   in|    1|          axis|      in_bytes|       pointer|
|in_bytes_TDATA   |   in|    8|          axis|      in_bytes|       pointer|
|in_bytes_TREADY  |  out|    1|          axis|      in_bytes|       pointer|
|out_msgs_TREADY  |   in|    1|          axis|      out_msgs|       pointer|
|out_msgs_TDATA   |  out|  128|          axis|      out_msgs|       pointer|
|out_msgs_TVALID  |  out|    1|          axis|      out_msgs|       pointer|
+-----------------+-----+-----+--------------+--------------+--------------+

