

================================================================
== Vitis HLS Report for 'feed_parser'
================================================================
* Date:           Thu Sep 17 19:50:35 2026

* Version:        2024.1 (Build 5069499 on May 21 2024)
* Project:        feed_parser
* Solution:       solution1 (Vivado IP Flow Target)
* Product family: zynq
* Target device:  xc7z020-clg400-1


================================================================
== Performance Estimates
================================================================
+ Timing: 
    * Summary: 
    +--------+---------+----------+------------+
    |  Clock |  Target | Estimated| Uncertainty|
    +--------+---------+----------+------------+
    |ap_clk  |  4.00 ns|  6.978 ns|     1.08 ns|
    +--------+---------+----------+------------+

+ Latency: 
    * Summary: 
    +---------+---------+----------+----------+-----+-----+-----------------------------------------------+
    |  Latency (cycles) |  Latency (absolute) |  Interval |                    Pipeline                   |
    |   min   |   max   |    min   |    max   | min | max |                      Type                     |
    +---------+---------+----------+----------+-----+-----+-----------------------------------------------+
    |        ?|        ?|         ?|         ?|    0|    0|  loop auto-rewind stp(delay=0 clock cycles(s))|
    +---------+---------+----------+----------+-----+-----+-----------------------------------------------+

    + Detail: 
        * Instance: 
        N/A

        * Loop: 
        +-------------------+---------+---------+----------+-----------+-----------+------+----------+
        |                   |  Latency (cycles) | Iteration|  Initiation Interval  | Trip |          |
        |     Loop Name     |   min   |   max   |  Latency |  achieved |   target  | Count| Pipelined|
        +-------------------+---------+---------+----------+-----------+-----------+------+----------+
        |- VITIS_LOOP_43_1  |        ?|        ?|        22|         22|         22|     ?|       yes|
        +-------------------+---------+---------+----------+-----------+-----------+------+----------+



================================================================
== Utilization Estimates
================================================================
* Summary: 
+-----------------+---------+-----+--------+-------+-----+
|       Name      | BRAM_18K| DSP |   FF   |  LUT  | URAM|
+-----------------+---------+-----+--------+-------+-----+
|DSP              |        -|    -|       -|      -|    -|
|Expression       |        -|    -|       0|     89|    -|
|FIFO             |        -|    -|       -|      -|    -|
|Instance         |        -|   16|     441|    256|    -|
|Memory           |        -|    -|       -|      -|    -|
|Multiplexer      |        -|    -|       0|    131|    -|
|Register         |        -|    -|     176|      -|    -|
+-----------------+---------+-----+--------+-------+-----+
|Total            |        0|   16|     617|    476|    0|
+-----------------+---------+-----+--------+-------+-----+
|Available        |      280|  220|  106400|  53200|    0|
+-----------------+---------+-----+--------+-------+-----+
|Utilization (%)  |        0|    7|      ~0|     ~0|    0|
+-----------------+---------+-----+--------+-------+-----+

+ Detail: 
    * Instance: 
    +--------------------------+-----------------------+---------+----+-----+-----+-----+
    |         Instance         |         Module        | BRAM_18K| DSP|  FF | LUT | URAM|
    +--------------------------+-----------------------+---------+----+-----+-----+-----+
    |mul_64ns_66ns_103_5_1_U1  |mul_64ns_66ns_103_5_1  |        0|  16|  441|  256|    0|
    +--------------------------+-----------------------+---------+----+-----+-----+-----+
    |Total                     |                       |        0|  16|  441|  256|    0|
    +--------------------------+-----------------------+---------+----+-----+-----+-----+

    * DSP: 
    N/A

    * Memory: 
    N/A

    * FIFO: 
    N/A

    * Expression: 
    +------------------------------------+----------+----+---+----+------------+------------+
    |            Variable Name           | Operation| DSP| FF| LUT| Bitwidth P0| Bitwidth P1|
    +------------------------------------+----------+----+---+----+------------+------------+
    |ap_block_state21_io                 |       and|   0|  0|   2|           1|           1|
    |tmp_nbreadreq_fu_60_p3              |       and|   0|  0|   2|           1|           0|
    |icmp_ln31_1_fu_144_p2               |      icmp|   0|  0|  15|           8|           7|
    |icmp_ln31_fu_133_p2                 |      icmp|   0|  0|  15|           8|           7|
    |icmp_ln58_fu_128_p2                 |      icmp|   0|  0|  15|           8|           7|
    |ap_block_state1_pp0_stage0_iter0    |        or|   0|  0|   2|           1|           1|
    |ap_block_state21_pp0_stage20_iter0  |        or|   0|  0|   2|           1|           1|
    |or_ln31_1_fu_149_p2                 |        or|   0|  0|   2|           1|           1|
    |or_ln31_fu_138_p2                   |        or|   0|  0|   2|           1|           1|
    |size_norm_fu_166_p3                 |    select|   0|  0|  32|           1|           1|
    +------------------------------------+----------+----+---+----+------------+------------+
    |Total                               |          |   0|  0|  89|          31|          27|
    +------------------------------------+----------+----+---+----+------------+------------+

    * Multiplexer: 
    +----------------------+-----+-----------+-----+-----------+
    |         Name         | LUT | Input Size| Bits| Total Bits|
    +----------------------+-----+-----------+-----+-----------+
    |ap_NS_fsm             |  113|         23|    1|         23|
    |in_bytes_TDATA_blk_n  |    9|          2|    1|          2|
    |out_msgs_TDATA_blk_n  |    9|          2|    1|          2|
    +----------------------+-----+-----------+-----+-----------+
    |Total                 |  131|         27|    3|         27|
    +----------------------+-----+-----------+-----+-----------+

    * Register: 
    +--------------------------+----+----+-----+-----------+
    |           Name           | FF | LUT| Bits| Const Bits|
    +--------------------------+----+----+-----+-----------+
    |ap_CS_fsm                 |  22|   0|   22|          0|
    |icmp_ln58_reg_269         |   1|   0|    1|          0|
    |in_bytes_read_10_reg_234  |   8|   0|    8|          0|
    |in_bytes_read_11_reg_239  |   8|   0|    8|          0|
    |in_bytes_read_12_reg_244  |   8|   0|    8|          0|
    |in_bytes_read_13_reg_249  |   8|   0|    8|          0|
    |in_bytes_read_14_reg_254  |   8|   0|    8|          0|
    |in_bytes_read_2_reg_209   |   8|   0|    8|          0|
    |in_bytes_read_3_reg_214   |   8|   0|    8|          0|
    |in_bytes_read_4_reg_219   |   8|   0|    8|          0|
    |in_bytes_read_5_reg_224   |   8|   0|    8|          0|
    |in_bytes_read_9_reg_229   |   8|   0|    8|          0|
    |msg_type_reg_197          |   8|   0|    8|          0|
    |or_ln31_1_reg_274         |   1|   0|    1|          0|
    |price_ticks_reg_264       |  32|   0|   32|          0|
    |reg_86                    |   8|   0|    8|          0|
    |reg_90                    |   8|   0|    8|          0|
    |reg_94                    |   8|   0|    8|          0|
    |side_raw_reg_204          |   8|   0|    8|          0|
    +--------------------------+----+----+-----+-----------+
    |Total                     | 176|   0|  176|          0|
    +--------------------------+----+----+-----+-----------+



================================================================
== Interface
================================================================
* Summary: 
+-----------------+-----+-----+--------------+--------------+--------------+
|    RTL Ports    | Dir | Bits|   Protocol   | Source Object|    C Type    |
+-----------------+-----+-----+--------------+--------------+--------------+
|ap_clk           |   in|    1|  ap_ctrl_none|   feed_parser|  return value|
|ap_rst_n         |   in|    1|  ap_ctrl_none|   feed_parser|  return value|
|in_bytes_TVALID  |   in|    1|          axis|      in_bytes|       pointer|
|in_bytes_TDATA   |   in|    8|          axis|      in_bytes|       pointer|
|in_bytes_TREADY  |  out|    1|          axis|      in_bytes|       pointer|
|out_msgs_TREADY  |   in|    1|          axis|      out_msgs|       pointer|
|out_msgs_TDATA   |  out|  128|          axis|      out_msgs|       pointer|
|out_msgs_TVALID  |  out|    1|          axis|      out_msgs|       pointer|
+-----------------+-----+-----+--------------+--------------+--------------+

