Copyright 1986-2022 Xilinx, Inc. All Rights Reserved. Copyright 2022-2024 Advanced Micro Devices, Inc. All Rights Reserved.
---------------------------------------------------------------------------------------------------------------------------------------------
| Tool Version : Vivado v.2024.1 (win64) Build 5076996 Wed May 22 18:37:14 MDT 2024
| Date         : Fri Sep 18 02:47:06 2026
| Host         : SRIKARVELA8715 running 64-bit major release  (build 9200)
| Command      : report_timing -setup -max_paths 5 -nworst 1 -file C:/feed/reports/ooc/N_4.000ns/setup_paths.rpt
| Design       : OrderBook
| Device       : 7z020-clg400
| Speed File   : -1  PRODUCTION 1.12 2019-11-22
| Design State : Routed
---------------------------------------------------------------------------------------------------------------------------------------------

Timing Report

Slack (MET) :             0.013ns  (required time - arrival time)
  Source:                 word_reg[3]/C
                            (rising edge-triggered cell FDRE clocked by clock  {rise@0.000ns fall@2.000ns period=4.000ns})
  Destination:            bidStore/insertBeforeR_5_reg/D
                            (rising edge-triggered cell FDRE clocked by clock  {rise@0.000ns fall@2.000ns period=4.000ns})
  Path Group:             clock
  Path Type:              Setup (Max at Slow Process Corner)
  Requirement:            4.000ns  (clock rise@4.000ns - clock rise@0.000ns)
  Data Path Delay:        3.980ns  (logic 1.658ns (41.660%)  route 2.322ns (58.340%))
  Logic Levels:           6  (CARRY4=4 LUT2=1 LUT4=1)
  Clock Path Skew:        -0.049ns (DCD - SCD + CPR)
    Destination Clock Delay (DCD):    0.924ns = ( 4.924 - 4.000 ) 
    Source Clock Delay      (SCD):    0.973ns
    Clock Pessimism Removal (CPR):    0.000ns
  Clock Uncertainty:      0.035ns  ((TSJ^2 + TIJ^2)^1/2 + DJ) / 2 + PE
    Total System Jitter     (TSJ):    0.071ns
    Total Input Jitter      (TIJ):    0.000ns
    Discrete Jitter          (DJ):    0.000ns
    Phase Error              (PE):    0.000ns

    Location             Delay type                Incr(ns)  Path(ns)    Netlist Resource(s)
  -------------------------------------------------------------------    -------------------
                         (clock clock rise edge)      0.000     0.000 r  
                                                      0.000     0.000 r  clock (IN)
                         net (fo=3260, unset)         0.973     0.973    clock
    SLICE_X46Y83         FDRE                                         r  word_reg[3]/C
  -------------------------------------------------------------------    -------------------
    SLICE_X46Y83         FDRE (Prop_fdre_C_Q)         0.518     1.491 r  word_reg[3]/Q
                         net (fo=57, routed)          1.417     2.908    bidStore/Q[3]
    SLICE_X57Y85         LUT4 (Prop_lut4_I2_O)        0.124     3.032 r  bidStore/insertBeforeR_5_i_36/O
                         net (fo=1, routed)           0.000     3.032    bidStore/insertBeforeR_5_i_36_n_0
    SLICE_X57Y85         CARRY4 (Prop_carry4_S[1]_CO[3])
                                                      0.550     3.582 r  bidStore/insertBeforeR_5_reg_i_21/CO[3]
                         net (fo=1, routed)           0.000     3.582    bidStore/insertBeforeR_5_reg_i_21_n_0
    SLICE_X57Y86         CARRY4 (Prop_carry4_CI_CO[3])
                                                      0.114     3.696 r  bidStore/insertBeforeR_5_reg_i_12/CO[3]
                         net (fo=1, routed)           0.000     3.696    bidStore/insertBeforeR_5_reg_i_12_n_0
    SLICE_X57Y87         CARRY4 (Prop_carry4_CI_CO[3])
                                                      0.114     3.810 r  bidStore/insertBeforeR_5_reg_i_3/CO[3]
                         net (fo=1, routed)           0.000     3.810    bidStore/insertBeforeR_5_reg_i_3_n_0
    SLICE_X57Y88         CARRY4 (Prop_carry4_CI_CO[3])
                                                      0.114     3.924 r  bidStore/insertBeforeR_5_reg_i_2/CO[3]
                         net (fo=1, routed)           0.905     4.829    bidStore/insertBeforeR_51
    SLICE_X58Y89         LUT2 (Prop_lut2_I0_O)        0.124     4.953 r  bidStore/insertBeforeR_5_i_1/O
                         net (fo=1, routed)           0.000     4.953    bidStore/insertBeforeR_50
    SLICE_X58Y89         FDRE                                         r  bidStore/insertBeforeR_5_reg/D
  -------------------------------------------------------------------    -------------------

                         (clock clock rise edge)      4.000     4.000 r  
                                                      0.000     4.000 r  clock (IN)
                         net (fo=3260, unset)         0.924     4.924    bidStore/clock
    SLICE_X58Y89         FDRE                                         r  bidStore/insertBeforeR_5_reg/C
                         clock pessimism              0.000     4.924    
                         clock uncertainty           -0.035     4.889    
    SLICE_X58Y89         FDRE (Setup_fdre_C_D)        0.077     4.966    bidStore/insertBeforeR_5_reg
  -------------------------------------------------------------------
                         required time                          4.966    
                         arrival time                          -4.953    
  -------------------------------------------------------------------
                         slack                                  0.013    

Slack (MET) :             0.084ns  (required time - arrival time)
  Source:                 word_reg[12]/C
                            (rising edge-triggered cell FDRE clocked by clock  {rise@0.000ns fall@2.000ns period=4.000ns})
  Destination:            bidStore/matchIdxR_7_reg/D
                            (rising edge-triggered cell FDRE clocked by clock  {rise@0.000ns fall@2.000ns period=4.000ns})
  Path Group:             clock
  Path Type:              Setup (Max at Slow Process Corner)
  Requirement:            4.000ns  (clock rise@4.000ns - clock rise@0.000ns)
  Data Path Delay:        3.950ns  (logic 1.870ns (47.341%)  route 2.080ns (52.659%))
  Logic Levels:           4  (CARRY4=2 LUT2=1 LUT6=1)
  Clock Path Skew:        -0.049ns (DCD - SCD + CPR)
    Destination Clock Delay (DCD):    0.924ns = ( 4.924 - 4.000 ) 
    Source Clock Delay      (SCD):    0.973ns
    Clock Pessimism Removal (CPR):    0.000ns
  Clock Uncertainty:      0.035ns  ((TSJ^2 + TIJ^2)^1/2 + DJ) / 2 + PE
    Total System Jitter     (TSJ):    0.071ns
    Total Input Jitter      (TIJ):    0.000ns
    Discrete Jitter          (DJ):    0.000ns
    Phase Error              (PE):    0.000ns

    Location             Delay type                Incr(ns)  Path(ns)    Netlist Resource(s)
  -------------------------------------------------------------------    -------------------
                         (clock clock rise edge)      0.000     0.000 r  
                                                      0.000     0.000 r  clock (IN)
                         net (fo=3260, unset)         0.973     0.973    clock
    SLICE_X46Y84         FDRE                                         r  word_reg[12]/C
  -------------------------------------------------------------------    -------------------
    SLICE_X46Y84         FDRE (Prop_fdre_C_Q)         0.478     1.451 r  word_reg[12]/Q
                         net (fo=57, routed)          1.248     2.699    bidStore/Q[12]
    SLICE_X48Y87         LUT6 (Prop_lut6_I1_O)        0.295     2.994 r  bidStore/matchIdxR_7_i_11/O
                         net (fo=1, routed)           0.000     2.994    bidStore/matchIdxR_7_i_11_n_0
    SLICE_X48Y87         CARRY4 (Prop_carry4_S[0]_CO[3])
                                                      0.532     3.526 r  bidStore/matchIdxR_7_reg_i_3/CO[3]
                         net (fo=1, routed)           0.000     3.526    bidStore/matchIdxR_7_reg_i_3_n_0
    SLICE_X48Y88         CARRY4 (Prop_carry4_CI_CO[2])
                                                      0.228     3.754 r  bidStore/matchIdxR_7_reg_i_2/CO[2]
                         net (fo=1, routed)           0.832     4.586    bidStore/matchIdxR_71
    SLICE_X46Y91         LUT2 (Prop_lut2_I1_O)        0.337     4.923 r  bidStore/matchIdxR_7_i_1/O
                         net (fo=1, routed)           0.000     4.923    bidStore/matchIdxR_70
    SLICE_X46Y91         FDRE                                         r  bidStore/matchIdxR_7_reg/D
  -------------------------------------------------------------------    -------------------

                         (clock clock rise edge)      4.000     4.000 r  
                                                      0.000     4.000 r  clock (IN)
                         net (fo=3260, unset)         0.924     4.924    bidStore/clock
    SLICE_X46Y91         FDRE                                         r  bidStore/matchIdxR_7_reg/C
                         clock pessimism              0.000     4.924    
                         clock uncertainty           -0.035     4.889    
    SLICE_X46Y91         FDRE (Setup_fdre_C_D)        0.118     5.007    bidStore/matchIdxR_7_reg
  -------------------------------------------------------------------
                         required time                          5.007    
                         arrival time                          -4.923    
  -------------------------------------------------------------------
                         slack                                  0.084    

Slack (MET) :             0.086ns  (required time - arrival time)
  Source:                 word_reg[3]/C
                            (rising edge-triggered cell FDRE clocked by clock  {rise@0.000ns fall@2.000ns period=4.000ns})
  Destination:            askStore/matchIdxR_0_reg/D
                            (rising edge-triggered cell FDRE clocked by clock  {rise@0.000ns fall@2.000ns period=4.000ns})
  Path Group:             clock
  Path Type:              Setup (Max at Slow Process Corner)
  Requirement:            4.000ns  (clock rise@4.000ns - clock rise@0.000ns)
  Data Path Delay:        3.905ns  (logic 1.873ns (47.968%)  route 2.032ns (52.032%))
  Logic Levels:           5  (CARRY4=3 LUT2=1 LUT6=1)
  Clock Path Skew:        -0.049ns (DCD - SCD + CPR)
    Destination Clock Delay (DCD):    0.924ns = ( 4.924 - 4.000 ) 
    Source Clock Delay      (SCD):    0.973ns
    Clock Pessimism Removal (CPR):    0.000ns
  Clock Uncertainty:      0.035ns  ((TSJ^2 + TIJ^2)^1/2 + DJ) / 2 + PE
    Total System Jitter     (TSJ):    0.071ns
    Total Input Jitter      (TIJ):    0.000ns
    Discrete Jitter          (DJ):    0.000ns
    Phase Error              (PE):    0.000ns

    Location             Delay type                Incr(ns)  Path(ns)    Netlist Resource(s)
  -------------------------------------------------------------------    -------------------
                         (clock clock rise edge)      0.000     0.000 r  
                                                      0.000     0.000 r  clock (IN)
                         net (fo=3260, unset)         0.973     0.973    clock
    SLICE_X46Y83         FDRE                                         r  word_reg[3]/C
  -------------------------------------------------------------------    -------------------
    SLICE_X46Y83         FDRE (Prop_fdre_C_Q)         0.518     1.491 r  word_reg[3]/Q
                         net (fo=57, routed)          1.195     2.686    askStore/Q[3]
    SLICE_X48Y81         LUT6 (Prop_lut6_I1_O)        0.124     2.810 r  askStore/matchIdxR_0_i_14__0/O
                         net (fo=1, routed)           0.000     2.810    askStore/matchIdxR_0_i_14__0_n_0
    SLICE_X48Y81         CARRY4 (Prop_carry4_S[1]_CO[3])
                                                      0.550     3.360 r  askStore/matchIdxR_0_reg_i_7__0/CO[3]
                         net (fo=1, routed)           0.000     3.360    askStore/matchIdxR_0_reg_i_7__0_n_0
    SLICE_X48Y82         CARRY4 (Prop_carry4_CI_CO[3])
                                                      0.114     3.474 r  askStore/matchIdxR_0_reg_i_3__0/CO[3]
                         net (fo=1, routed)           0.000     3.474    askStore/matchIdxR_0_reg_i_3__0_n_0
    SLICE_X48Y83         CARRY4 (Prop_carry4_CI_CO[2])
                                                      0.228     3.702 r  askStore/matchIdxR_0_reg_i_2__0/CO[2]
                         net (fo=1, routed)           0.837     4.539    askStore/matchIdxR_01
    SLICE_X53Y80         LUT2 (Prop_lut2_I1_O)        0.339     4.878 r  askStore/matchIdxR_0_i_1__0/O
                         net (fo=1, routed)           0.000     4.878    askStore/matchIdxR_00
    SLICE_X53Y80         FDRE                                         r  askStore/matchIdxR_0_reg/D
  -------------------------------------------------------------------    -------------------

                         (clock clock rise edge)      4.000     4.000 r  
                                                      0.000     4.000 r  clock (IN)
                         net (fo=3260, unset)         0.924     4.924    askStore/clock
    SLICE_X53Y80         FDRE                                         r  askStore/matchIdxR_0_reg/C
                         clock pessimism              0.000     4.924    
                         clock uncertainty           -0.035     4.889    
    SLICE_X53Y80         FDRE (Setup_fdre_C_D)        0.075     4.964    askStore/matchIdxR_0_reg
  -------------------------------------------------------------------
                         required time                          4.964    
                         arrival time                          -4.878    
  -------------------------------------------------------------------
                         slack                                  0.086    

Slack (MET) :             0.089ns  (required time - arrival time)
  Source:                 word_reg[2]/C
                            (rising edge-triggered cell FDRE clocked by clock  {rise@0.000ns fall@2.000ns period=4.000ns})
  Destination:            bidStore/matchIdxR_1_reg/D
                            (rising edge-triggered cell FDRE clocked by clock  {rise@0.000ns fall@2.000ns period=4.000ns})
  Path Group:             clock
  Path Type:              Setup (Max at Slow Process Corner)
  Requirement:            4.000ns  (clock rise@4.000ns - clock rise@0.000ns)
  Data Path Delay:        3.902ns  (logic 1.994ns (51.102%)  route 1.908ns (48.898%))
  Logic Levels:           5  (CARRY4=3 LUT2=1 LUT6=1)
  Clock Path Skew:        -0.049ns (DCD - SCD + CPR)
    Destination Clock Delay (DCD):    0.924ns = ( 4.924 - 4.000 ) 
    Source Clock Delay      (SCD):    0.973ns
    Clock Pessimism Removal (CPR):    0.000ns
  Clock Uncertainty:      0.035ns  ((TSJ^2 + TIJ^2)^1/2 + DJ) / 2 + PE
    Total System Jitter     (TSJ):    0.071ns
    Total Input Jitter      (TIJ):    0.000ns
    Discrete Jitter          (DJ):    0.000ns
    Phase Error              (PE):    0.000ns

    Location             Delay type                Incr(ns)  Path(ns)    Netlist Resource(s)
  -------------------------------------------------------------------    -------------------
                         (clock clock rise edge)      0.000     0.000 r  
                                                      0.000     0.000 r  clock (IN)
                         net (fo=3260, unset)         0.973     0.973    clock
    SLICE_X46Y83         FDRE                                         r  word_reg[2]/C
  -------------------------------------------------------------------    -------------------
    SLICE_X46Y83         FDRE (Prop_fdre_C_Q)         0.478     1.451 r  word_reg[2]/Q
                         net (fo=57, routed)          1.103     2.554    bidStore/Q[2]
    SLICE_X47Y88         LUT6 (Prop_lut6_I2_O)        0.301     2.855 r  bidStore/matchIdxR_1_i_15/O
                         net (fo=1, routed)           0.000     2.855    bidStore/matchIdxR_1_i_15_n_0
    SLICE_X47Y88         CARRY4 (Prop_carry4_S[0]_CO[3])
                                                      0.532     3.387 r  bidStore/matchIdxR_1_reg_i_7/CO[3]
                         net (fo=1, routed)           0.000     3.387    bidStore/matchIdxR_1_reg_i_7_n_0
    SLICE_X47Y89         CARRY4 (Prop_carry4_CI_CO[3])
                                                      0.114     3.501 r  bidStore/matchIdxR_1_reg_i_3/CO[3]
                         net (fo=1, routed)           0.000     3.501    bidStore/matchIdxR_1_reg_i_3_n_0
    SLICE_X47Y90         CARRY4 (Prop_carry4_CI_CO[2])
                                                      0.228     3.729 r  bidStore/matchIdxR_1_reg_i_2/CO[2]
                         net (fo=1, routed)           0.805     4.534    bidStore/matchIdxR_11
    SLICE_X48Y92         LUT2 (Prop_lut2_I1_O)        0.341     4.875 r  bidStore/matchIdxR_1_i_1/O
                         net (fo=1, routed)           0.000     4.875    bidStore/matchIdxR_10
    SLICE_X48Y92         FDRE                                         r  bidStore/matchIdxR_1_reg/D
  -------------------------------------------------------------------    -------------------

                         (clock clock rise edge)      4.000     4.000 r  
                                                      0.000     4.000 r  clock (IN)
                         net (fo=3260, unset)         0.924     4.924    bidStore/clock
    SLICE_X48Y92         FDRE                                         r  bidStore/matchIdxR_1_reg/C
                         clock pessimism              0.000     4.924    
                         clock uncertainty           -0.035     4.889    
    SLICE_X48Y92         FDRE (Setup_fdre_C_D)        0.075     4.964    bidStore/matchIdxR_1_reg
  -------------------------------------------------------------------
                         required time                          4.964    
                         arrival time                          -4.875    
  -------------------------------------------------------------------
                         slack                                  0.089    

Slack (MET) :             0.089ns  (required time - arrival time)
  Source:                 word_reg[3]/C
                            (rising edge-triggered cell FDRE clocked by clock  {rise@0.000ns fall@2.000ns period=4.000ns})
  Destination:            bidStore/matchIdxR_2_reg/D
                            (rising edge-triggered cell FDRE clocked by clock  {rise@0.000ns fall@2.000ns period=4.000ns})
  Path Group:             clock
  Path Type:              Setup (Max at Slow Process Corner)
  Requirement:            4.000ns  (clock rise@4.000ns - clock rise@0.000ns)
  Data Path Delay:        3.902ns  (logic 1.873ns (48.002%)  route 2.029ns (51.998%))
  Logic Levels:           5  (CARRY4=3 LUT2=1 LUT6=1)
  Clock Path Skew:        -0.049ns (DCD - SCD + CPR)
    Destination Clock Delay (DCD):    0.924ns = ( 4.924 - 4.000 ) 
    Source Clock Delay      (SCD):    0.973ns
    Clock Pessimism Removal (CPR):    0.000ns
  Clock Uncertainty:      0.035ns  ((TSJ^2 + TIJ^2)^1/2 + DJ) / 2 + PE
    Total System Jitter     (TSJ):    0.071ns
    Total Input Jitter      (TIJ):    0.000ns
    Discrete Jitter          (DJ):    0.000ns
    Phase Error              (PE):    0.000ns

    Location             Delay type                Incr(ns)  Path(ns)    Netlist Resource(s)
  -------------------------------------------------------------------    -------------------
                         (clock clock rise edge)      0.000     0.000 r  
                                                      0.000     0.000 r  clock (IN)
                         net (fo=3260, unset)         0.973     0.973    clock
    SLICE_X46Y83         FDRE                                         r  word_reg[3]/C
  -------------------------------------------------------------------    -------------------
    SLICE_X46Y83         FDRE (Prop_fdre_C_Q)         0.518     1.491 r  word_reg[3]/Q
                         net (fo=57, routed)          1.390     2.881    bidStore/Q[3]
    SLICE_X52Y89         LUT6 (Prop_lut6_I1_O)        0.124     3.005 r  bidStore/matchIdxR_2_i_14/O
                         net (fo=1, routed)           0.000     3.005    bidStore/matchIdxR_2_i_14_n_0
    SLICE_X52Y89         CARRY4 (Prop_carry4_S[1]_CO[3])
                                                      0.550     3.555 r  bidStore/matchIdxR_2_reg_i_7/CO[3]
                         net (fo=1, routed)           0.000     3.555    bidStore/matchIdxR_2_reg_i_7_n_0
    SLICE_X52Y90         CARRY4 (Prop_carry4_CI_CO[3])
                                                      0.114     3.669 r  bidStore/matchIdxR_2_reg_i_3/CO[3]
                         net (fo=1, routed)           0.000     3.669    bidStore/matchIdxR_2_reg_i_3_n_0
    SLICE_X52Y91         CARRY4 (Prop_carry4_CI_CO[2])
                                                      0.228     3.897 r  bidStore/matchIdxR_2_reg_i_2/CO[2]
                         net (fo=1, routed)           0.639     4.536    bidStore/matchIdxR_21
    SLICE_X53Y93         LUT2 (Prop_lut2_I1_O)        0.339     4.875 r  bidStore/matchIdxR_2_i_1/O
                         net (fo=1, routed)           0.000     4.875    bidStore/matchIdxR_20
    SLICE_X53Y93         FDRE                                         r  bidStore/matchIdxR_2_reg/D
  -------------------------------------------------------------------    -------------------

                         (clock clock rise edge)      4.000     4.000 r  
                                                      0.000     4.000 r  clock (IN)
                         net (fo=3260, unset)         0.924     4.924    bidStore/clock
    SLICE_X53Y93         FDRE                                         r  bidStore/matchIdxR_2_reg/C
                         clock pessimism              0.000     4.924    
                         clock uncertainty           -0.035     4.889    
    SLICE_X53Y93         FDRE (Setup_fdre_C_D)        0.075     4.964    bidStore/matchIdxR_2_reg
  -------------------------------------------------------------------
                         required time                          4.964    
                         arrival time                          -4.875    
  -------------------------------------------------------------------
                         slack                                  0.089    




