Copyright 1986-2022 Xilinx, Inc. All Rights Reserved. Copyright 2022-2024 Advanced Micro Devices, Inc. All Rights Reserved.
---------------------------------------------------------------------------------------------------------------------------------------------
| Tool Version : Vivado v.2024.1 (win64) Build 5076996 Wed May 22 18:37:14 MDT 2024
| Date         : Fri Sep 18 02:47:06 2026
| Host         : SRIKARVELA8715 running 64-bit major release  (build 9200)
| Command      : report_timing_summary -file C:/feed/reports/ooc/N_4.000ns/timing_summary.rpt
| Design       : OrderBook
| Device       : 7z020-clg400
| Speed File   : -1  PRODUCTION 1.12 2019-11-22
| Design State : Routed
---------------------------------------------------------------------------------------------------------------------------------------------

Timing Summary Report

------------------------------------------------------------------------------------------------
| Timer Settings
| --------------
------------------------------------------------------------------------------------------------

  Enable Multi Corner Analysis               :  Yes
  Enable Pessimism Removal                   :  Yes
  Pessimism Removal Resolution               :  Nearest Common Node
  Enable Input Delay Default Clock           :  No
  Enable Preset / Clear Arcs                 :  No
  Disable Flight Delays                      :  No
  Ignore I/O Paths                           :  No
  Timing Early Launch at Borrowing Latches   :  No
  Borrow Time for Max Delay Exceptions       :  Yes
  Merge Timing Exceptions                    :  Yes
  Inter-SLR Compensation                     :  Conservative

  Corner  Analyze    Analyze    
  Name    Max Paths  Min Paths  
  ------  ---------  ---------  
  Slow    Yes        Yes        
  Fast    Yes        Yes        


------------------------------------------------------------------------------------------------
| Report Methodology
| ------------------
------------------------------------------------------------------------------------------------

No report available as report_methodology has not been run prior. Run report_methodology on the current design for the summary of methodology violations.



check_timing report

Table of Contents
-----------------
1. checking no_clock (0)
2. checking constant_clock (0)
3. checking pulse_width_clock (0)
4. checking unconstrained_internal_endpoints (0)
5. checking no_input_delay (0)
6. checking no_output_delay (0)
7. checking multiple_clock (0)
8. checking generated_clocks (0)
9. checking loops (0)
10. checking partial_input_delay (0)
11. checking partial_output_delay (0)
12. checking latch_loops (0)

1. checking no_clock (0)
------------------------
 There are 0 register/latch pins with no clock.


2. checking constant_clock (0)
------------------------------
 There are 0 register/latch pins with constant_clock.


3. checking pulse_width_clock (0)
---------------------------------
 There are 0 register/latch pins which need pulse_width check


4. checking unconstrained_internal_endpoints (0)
------------------------------------------------
 There are 0 pins that are not constrained for maximum delay.

 There are 0 pins that are not constrained for maximum delay due to constant clock.


5. checking no_input_delay (0)
------------------------------
 There are 0 input ports with no input delay specified.

 There are 0 input ports with no input delay but user has a false path constraint.


6. checking no_output_delay (0)
-------------------------------
 There are 0 ports with no output delay specified.

 There are 0 ports with no output delay but user has a false path constraint

 There are 0 ports with no output delay but with a timing clock defined on it or propagating through it


7. checking multiple_clock (0)
------------------------------
 There are 0 register/latch pins with multiple clocks.


8. checking generated_clocks (0)
--------------------------------
 There are 0 generated clocks that are not connected to a clock source.


9. checking loops (0)
---------------------
 There are 0 combinational loops in the design.


10. checking partial_input_delay (0)
------------------------------------
 There are 0 input ports with partial input delay specified.


11. checking partial_output_delay (0)
-------------------------------------
 There are 0 ports with partial output delay specified.


12. checking latch_loops (0)
----------------------------
 There are 0 combinational latch loops in the design through latch input



------------------------------------------------------------------------------------------------
| Design Timing Summary
| ---------------------
------------------------------------------------------------------------------------------------

    WNS(ns)      TNS(ns)  TNS Failing Endpoints  TNS Total Endpoints      WHS(ns)      THS(ns)  THS Failing Endpoints  THS Total Endpoints     WPWS(ns)     TPWS(ns)  TPWS Failing Endpoints  TPWS Total Endpoints  
    -------      -------  ---------------------  -------------------      -------      -------  ---------------------  -------------------     --------     --------  ----------------------  --------------------  
      0.013        0.000                      0                 7893        0.068        0.000                      0                 7893        0.750        0.000                       0                  3261  


All user specified timing constraints are met.


------------------------------------------------------------------------------------------------
| Clock Summary
| -------------
------------------------------------------------------------------------------------------------

Clock  Waveform(ns)         Period(ns)      Frequency(MHz)
-----  ------------         ----------      --------------
clock  {0.000 2.000}        4.000           250.000         


------------------------------------------------------------------------------------------------
| Intra Clock Table
| -----------------
------------------------------------------------------------------------------------------------

Clock             WNS(ns)      TNS(ns)  TNS Failing Endpoints  TNS Total Endpoints      WHS(ns)      THS(ns)  THS Failing Endpoints  THS Total Endpoints     WPWS(ns)     TPWS(ns)  TPWS Failing Endpoints  TPWS Total Endpoints  
-----             -------      -------  ---------------------  -------------------      -------      -------  ---------------------  -------------------     --------     --------  ----------------------  --------------------  
clock               0.013        0.000                      0                 7893        0.068        0.000                      0                 7893        0.750        0.000                       0                  3261  


------------------------------------------------------------------------------------------------
| Inter Clock Table
| -----------------
------------------------------------------------------------------------------------------------

From Clock    To Clock          WNS(ns)      TNS(ns)  TNS Failing Endpoints  TNS Total Endpoints      WHS(ns)      THS(ns)  THS Failing Endpoints  THS Total Endpoints  
----------    --------          -------      -------  ---------------------  -------------------      -------      -------  ---------------------  -------------------  


------------------------------------------------------------------------------------------------
| Other Path Groups Table
| -----------------------
------------------------------------------------------------------------------------------------

Path Group    From Clock    To Clock          WNS(ns)      TNS(ns)  TNS Failing Endpoints  TNS Total Endpoints      WHS(ns)      THS(ns)  THS Failing Endpoints  THS Total Endpoints  
----------    ----------    --------          -------      -------  ---------------------  -------------------      -------      -------  ---------------------  -------------------  


------------------------------------------------------------------------------------------------
| Timing Details
| --------------
------------------------------------------------------------------------------------------------


---------------------------------------------------------------------------------------------------
From Clock:  clock
  To Clock:  clock

Setup :            0  Failing Endpoints,  Worst Slack        0.013ns,  Total Violation        0.000ns
Hold  :            0  Failing Endpoints,  Worst Slack        0.068ns,  Total Violation        0.000ns
PW    :            0  Failing Endpoints,  Worst Slack        0.750ns,  Total Violation        0.000ns
---------------------------------------------------------------------------------------------------


Max Delay Paths
--------------------------------------------------------------------------------------
Slack (MET) :             0.013ns  (required time - arrival time)
  Source:                 word_reg[3]/C
                            (rising edge-triggered cell FDRE clocked by clock  {rise@0.000ns fall@2.000ns period=4.000ns})
  Destination:            bidStore/insertBeforeR_5_reg/D
                            (rising edge-triggered cell FDRE clocked by clock  {rise@0.000ns fall@2.000ns period=4.000ns})
  Path Group:             clock
  Path Type:              Setup (Max at Slow Process Corner)
  Requirement:            4.000ns  (clock rise@4.000ns - clock rise@0.000ns)
  Data Path Delay:        3.980ns  (logic 1.658ns (41.660%)  route 2.322ns (58.340%))
  Logic Levels:           6  (CARRY4=4 LUT2=1 LUT4=1)
  Clock Path Skew:        -0.049ns (DCD - SCD + CPR)
    Destination Clock Delay (DCD):    0.924ns = ( 4.924 - 4.000 ) 
    Source Clock Delay      (SCD):    0.973ns
    Clock Pessimism Removal (CPR):    0.000ns
  Clock Uncertainty:      0.035ns  ((TSJ^2 + TIJ^2)^1/2 + DJ) / 2 + PE
    Total System Jitter     (TSJ):    0.071ns
    Total Input Jitter      (TIJ):    0.000ns
    Discrete Jitter          (DJ):    0.000ns
    Phase Error              (PE):    0.000ns

    Location             Delay type                Incr(ns)  Path(ns)    Netlist Resource(s)
  -------------------------------------------------------------------    -------------------
                         (clock clock rise edge)      0.000     0.000 r  
                                                      0.000     0.000 r  clock (IN)
                         net (fo=3260, unset)         0.973     0.973    clock
    SLICE_X46Y83         FDRE                                         r  word_reg[3]/C
  -------------------------------------------------------------------    -------------------
    SLICE_X46Y83         FDRE (Prop_fdre_C_Q)         0.518     1.491 r  word_reg[3]/Q
                         net (fo=57, routed)          1.417     2.908    bidStore/Q[3]
    SLICE_X57Y85         LUT4 (Prop_lut4_I2_O)        0.124     3.032 r  bidStore/insertBeforeR_5_i_36/O
                         net (fo=1, routed)           0.000     3.032    bidStore/insertBeforeR_5_i_36_n_0
    SLICE_X57Y85         CARRY4 (Prop_carry4_S[1]_CO[3])
                                                      0.550     3.582 r  bidStore/insertBeforeR_5_reg_i_21/CO[3]
                         net (fo=1, routed)           0.000     3.582    bidStore/insertBeforeR_5_reg_i_21_n_0
    SLICE_X57Y86         CARRY4 (Prop_carry4_CI_CO[3])
                                                      0.114     3.696 r  bidStore/insertBeforeR_5_reg_i_12/CO[3]
                         net (fo=1, routed)           0.000     3.696    bidStore/insertBeforeR_5_reg_i_12_n_0
    SLICE_X57Y87         CARRY4 (Prop_carry4_CI_CO[3])
                                                      0.114     3.810 r  bidStore/insertBeforeR_5_reg_i_3/CO[3]
                         net (fo=1, routed)           0.000     3.810    bidStore/insertBeforeR_5_reg_i_3_n_0
    SLICE_X57Y88         CARRY4 (Prop_carry4_CI_CO[3])
                                                      0.114     3.924 r  bidStore/insertBeforeR_5_reg_i_2/CO[3]
                         net (fo=1, routed)           0.905     4.829    bidStore/insertBeforeR_51
    SLICE_X58Y89         LUT2 (Prop_lut2_I0_O)        0.124     4.953 r  bidStore/insertBeforeR_5_i_1/O
                         net (fo=1, routed)           0.000     4.953    bidStore/insertBeforeR_50
    SLICE_X58Y89         FDRE                                         r  bidStore/insertBeforeR_5_reg/D
  -------------------------------------------------------------------    -------------------

                         (clock clock rise edge)      4.000     4.000 r  
                                                      0.000     4.000 r  clock (IN)
                         net (fo=3260, unset)         0.924     4.924    bidStore/clock
    SLICE_X58Y89         FDRE                                         r  bidStore/insertBeforeR_5_reg/C
                         clock pessimism              0.000     4.924    
                         clock uncertainty           -0.035     4.889    
    SLICE_X58Y89         FDRE (Setup_fdre_C_D)        0.077     4.966    bidStore/insertBeforeR_5_reg
  -------------------------------------------------------------------
                         required time                          4.966    
                         arrival time                          -4.953    
  -------------------------------------------------------------------
                         slack                                  0.013    





Min Delay Paths
--------------------------------------------------------------------------------------
Slack (MET) :             0.068ns  (arrival time - required time)
  Source:                 io_s_axis_tdata[0]
                            (input port clocked by clock  {rise@0.000ns fall@2.000ns period=4.000ns})
  Destination:            inQ/ram_reg_0_3_0_5/RAMA/I
                            (rising edge-triggered cell RAMD32 clocked by clock  {rise@0.000ns fall@2.000ns period=4.000ns})
  Path Group:             clock
  Path Type:              Hold (Min at Slow Process Corner)
  Requirement:            0.000ns  (clock rise@0.000ns - clock rise@0.000ns)
  Data Path Delay:        0.924ns  (logic 0.000ns (0.000%)  route 0.924ns (100.000%))
  Logic Levels:           0  
  Input Delay:            0.500ns
  Clock Path Skew:        0.973ns (DCD - SCD - CPR)
    Destination Clock Delay (DCD):    0.973ns
    Source Clock Delay      (SCD):    0.000ns
    Clock Pessimism Removal (CPR):    -0.000ns
  Clock Uncertainty:      0.035ns  ((TSJ^2 + TIJ^2)^1/2 + DJ) / 2 + PE
    Total System Jitter     (TSJ):    0.071ns
    Total Input Jitter      (TIJ):    0.000ns
    Discrete Jitter          (DJ):    0.000ns
    Phase Error              (PE):    0.000ns

    Location             Delay type                Incr(ns)  Path(ns)    Netlist Resource(s)
  -------------------------------------------------------------------    -------------------
                         (clock clock rise edge)      0.000     0.000 r  
                         input delay                  0.500     0.500    
                                                      0.000     0.500 r  io_s_axis_tdata[0] (IN)
                         net (fo=0)                   0.924     1.424    inQ/ram_reg_0_3_0_5/DIA0
    SLICE_X46Y83         RAMD32                                       r  inQ/ram_reg_0_3_0_5/RAMA/I
  -------------------------------------------------------------------    -------------------

                         (clock clock rise edge)      0.000     0.000 r  
                                                      0.000     0.000 r  clock (IN)
                         net (fo=3260, unset)         0.973     0.973    inQ/ram_reg_0_3_0_5/WCLK
    SLICE_X46Y83         RAMD32                                       r  inQ/ram_reg_0_3_0_5/RAMA/CLK
                         clock pessimism              0.000     0.973    
                         clock uncertainty            0.035     1.008    
    SLICE_X46Y83         RAMD32 (Hold_ramd32_CLK_I)
                                                      0.348     1.356    inQ/ram_reg_0_3_0_5/RAMA
  -------------------------------------------------------------------
                         required time                         -1.356    
                         arrival time                           1.424    
  -------------------------------------------------------------------
                         slack                                  0.068    





Pulse Width Checks
--------------------------------------------------------------------------------------
Clock Name:         clock
Waveform(ns):       { 0.000 2.000 }
Period(ns):         4.000
Sources:            { clock }

Check Type        Corner  Lib Pin     Reference Pin  Required(ns)  Actual(ns)  Slack(ns)  Location      Pin
Min Period        n/a     FDRE/C      n/a            1.000         4.000       3.000      SLICE_X40Y99  busy1_reg/C
Low Pulse Width   Slow    RAMD32/CLK  n/a            1.250         2.000       0.750      SLICE_X46Y83  inQ/ram_reg_0_3_0_5/RAMA/CLK
High Pulse Width  Slow    RAMD32/CLK  n/a            1.250         2.000       0.750      SLICE_X46Y83  inQ/ram_reg_0_3_0_5/RAMA/CLK



